Archive member included to satisfy reference by file (symbol)

C:/Program Files (x86)/Arm GNU Toolchain arm-none-eabi/14.3 rel1/bin/../lib/gcc/arm-none-eabi/14.3.1/../../../../arm-none-eabi/lib/thumb/v7e-m+fp/hard\libc_nano.a(libc_a-exit.o)
                              C:/Program Files (x86)/Arm GNU Toolchain arm-none-eabi/14.3 rel1/bin/../lib/gcc/arm-none-eabi/14.3.1/../../../../arm-none-eabi/lib/thumb/v7e-m+fp/hard/crt0.o (exit)
C:/Program Files (x86)/Arm GNU Toolchain arm-none-eabi/14.3 rel1/bin/../lib/gcc/arm-none-eabi/14.3.1/../../../../arm-none-eabi/lib/thumb/v7e-m+fp/hard\libc_nano.a(libc_a-malloc.o)
                              build/main.o (malloc)
C:/Program Files (x86)/Arm GNU Toolchain arm-none-eabi/14.3 rel1/bin/../lib/gcc/arm-none-eabi/14.3.1/../../../../arm-none-eabi/lib/thumb/v7e-m+fp/hard\libc_nano.a(libc_a-mallocr.o)
                              C:/Program Files (x86)/Arm GNU Toolchain arm-none-eabi/14.3 rel1/bin/../lib/gcc/arm-none-eabi/14.3.1/../../../../arm-none-eabi/lib/thumb/v7e-m+fp/hard\libc_nano.a(libc_a-malloc.o) (_malloc_r)
C:/Program Files (x86)/Arm GNU Toolchain arm-none-eabi/14.3 rel1/bin/../lib/gcc/arm-none-eabi/14.3.1/../../../../arm-none-eabi/lib/thumb/v7e-m+fp/hard\libc_nano.a(libc_a-mlock.o)
                              C:/Program Files (x86)/Arm GNU Toolchain arm-none-eabi/14.3 rel1/bin/../lib/gcc/arm-none-eabi/14.3.1/../../../../arm-none-eabi/lib/thumb/v7e-m+fp/hard\libc_nano.a(libc_a-mallocr.o) (__malloc_lock)
C:/Program Files (x86)/Arm GNU Toolchain arm-none-eabi/14.3 rel1/bin/../lib/gcc/arm-none-eabi/14.3.1/../../../../arm-none-eabi/lib/thumb/v7e-m+fp/hard\libc_nano.a(libc_a-findfp.o)
                              C:/Program Files (x86)/Arm GNU Toolchain arm-none-eabi/14.3 rel1/bin/../lib/gcc/arm-none-eabi/14.3.1/../../../../arm-none-eabi/lib/thumb/v7e-m+fp/hard\libc_nano.a(libc_a-exit.o) (__stdio_exit_handler)
C:/Program Files (x86)/Arm GNU Toolchain arm-none-eabi/14.3 rel1/bin/../lib/gcc/arm-none-eabi/14.3.1/../../../../arm-none-eabi/lib/thumb/v7e-m+fp/hard\libc_nano.a(libc_a-fwalk.o)
                              C:/Program Files (x86)/Arm GNU Toolchain arm-none-eabi/14.3 rel1/bin/../lib/gcc/arm-none-eabi/14.3.1/../../../../arm-none-eabi/lib/thumb/v7e-m+fp/hard\libc_nano.a(libc_a-findfp.o) (_fwalk_sglue)
C:/Program Files (x86)/Arm GNU Toolchain arm-none-eabi/14.3 rel1/bin/../lib/gcc/arm-none-eabi/14.3.1/../../../../arm-none-eabi/lib/thumb/v7e-m+fp/hard\libc_nano.a(libc_a-printf.o)
                              build/main.o (printf)
C:/Program Files (x86)/Arm GNU Toolchain arm-none-eabi/14.3 rel1/bin/../lib/gcc/arm-none-eabi/14.3.1/../../../../arm-none-eabi/lib/thumb/v7e-m+fp/hard\libc_nano.a(libc_a-puts.o)
                              build/main.o (puts)
C:/Program Files (x86)/Arm GNU Toolchain arm-none-eabi/14.3 rel1/bin/../lib/gcc/arm-none-eabi/14.3.1/../../../../arm-none-eabi/lib/thumb/v7e-m+fp/hard\libc_nano.a(libc_a-stdio.o)
                              C:/Program Files (x86)/Arm GNU Toolchain arm-none-eabi/14.3 rel1/bin/../lib/gcc/arm-none-eabi/14.3.1/../../../../arm-none-eabi/lib/thumb/v7e-m+fp/hard\libc_nano.a(libc_a-findfp.o) (__sread)
C:/Program Files (x86)/Arm GNU Toolchain arm-none-eabi/14.3 rel1/bin/../lib/gcc/arm-none-eabi/14.3.1/../../../../arm-none-eabi/lib/thumb/v7e-m+fp/hard\libc_nano.a(libc_a-wbuf.o)
                              C:/Program Files (x86)/Arm GNU Toolchain arm-none-eabi/14.3 rel1/bin/../lib/gcc/arm-none-eabi/14.3.1/../../../../arm-none-eabi/lib/thumb/v7e-m+fp/hard\libc_nano.a(libc_a-puts.o) (__swbuf_r)
C:/Program Files (x86)/Arm GNU Toolchain arm-none-eabi/14.3 rel1/bin/../lib/gcc/arm-none-eabi/14.3.1/../../../../arm-none-eabi/lib/thumb/v7e-m+fp/hard\libc_nano.a(libc_a-wsetup.o)
                              C:/Program Files (x86)/Arm GNU Toolchain arm-none-eabi/14.3 rel1/bin/../lib/gcc/arm-none-eabi/14.3.1/../../../../arm-none-eabi/lib/thumb/v7e-m+fp/hard\libc_nano.a(libc_a-puts.o) (__swsetup_r)
C:/Program Files (x86)/Arm GNU Toolchain arm-none-eabi/14.3 rel1/bin/../lib/gcc/arm-none-eabi/14.3.1/../../../../arm-none-eabi/lib/thumb/v7e-m+fp/hard\libc_nano.a(libc_a-memset.o)
                              C:/Program Files (x86)/Arm GNU Toolchain arm-none-eabi/14.3 rel1/bin/../lib/gcc/arm-none-eabi/14.3.1/../../../../arm-none-eabi/lib/thumb/v7e-m+fp/hard/crt0.o (memset)
C:/Program Files (x86)/Arm GNU Toolchain arm-none-eabi/14.3 rel1/bin/../lib/gcc/arm-none-eabi/14.3.1/../../../../arm-none-eabi/lib/thumb/v7e-m+fp/hard\libc_nano.a(libc_a-closer.o)
                              C:/Program Files (x86)/Arm GNU Toolchain arm-none-eabi/14.3 rel1/bin/../lib/gcc/arm-none-eabi/14.3.1/../../../../arm-none-eabi/lib/thumb/v7e-m+fp/hard\libc_nano.a(libc_a-stdio.o) (_close_r)
C:/Program Files (x86)/Arm GNU Toolchain arm-none-eabi/14.3 rel1/bin/../lib/gcc/arm-none-eabi/14.3.1/../../../../arm-none-eabi/lib/thumb/v7e-m+fp/hard\libc_nano.a(libc_a-reent.o)
[...]
Memory Configuration

Name             Origin             Length             Attributes
FLASH            0x08000000         0x00080000         xr
RAM1             0x20000008         0x0002fff8         xrw
RAM_SHARED       0x20030000         0x00002800         xrw
*default*        0x00000000         0xffffffff

Linker script and memory map

LOAD C:/Program Files (x86)/Arm GNU Toolchain arm-none-eabi/14.3 rel1/bin/../lib/gcc/arm-none-eabi/14.3.1/thumb/v7e-m+fp/hard/crti.o
LOAD C:/Program Files (x86)/Arm GNU Toolchain arm-none-eabi/14.3 rel1/bin/../lib/gcc/arm-none-eabi/14.3.1/thumb/v7e-m+fp/hard/crtbegin.o
LOAD C:/Program Files (x86)/Arm GNU Toolchain arm-none-eabi/14.3 rel1/bin/../lib/gcc/arm-none-eabi/14.3.1/../../../../arm-none-eabi/lib/thumb/v7e-m+fp/hard/crt0.o
LOAD build/main.o
LOAD build/stm32wbxx_it.o
LOAD build/stm32wbxx_hal_msp.o
LOAD build/stm32wbxx_nucleo.o
LOAD build/stm32wbxx_hal_rcc.o
LOAD build/stm32wbxx_ll_rcc.o
LOAD build/stm32wbxx_hal_rcc_ex.o
LOAD build/stm32wbxx_hal_flash.o
LOAD build/stm32wbxx_hal_flash_ex.o
LOAD build/stm32wbxx_hal_gpio.o
LOAD build/stm32wbxx_hal_hsem.o
LOAD build/stm32wbxx_hal_dma.o
LOAD build/stm32wbxx_hal_dma_ex.o
LOAD build/stm32wbxx_hal_pwr.o
LOAD build/stm32wbxx_hal_pwr_ex.o
LOAD build/stm32wbxx_hal_cortex.o
LOAD build/stm32wbxx_hal.o
LOAD build/stm32wbxx_hal_exti.o
LOAD build/stm32wbxx_hal_uart.o
LOAD build/stm32wbxx_hal_uart_ex.o
LOAD build/stm32wbxx_hal_usart.o
LOAD build/stm32wbxx_hal_usart_ex.o
LOAD build/system_stm32wbxx.o
LOAD build/sysmem.o
LOAD build/syscalls.o
LOAD build/app_freertos.o
LOAD build/stm32wbxx_hal_timebase_tim.o
LOAD build/stm32wbxx_hal_tim.o
LOAD build/stm32wbxx_hal_tim_ex.o
LOAD build/croutine.o
LOAD build/event_groups.o
LOAD build/list.o
LOAD build/queue.o
LOAD build/stream_buffer.o
LOAD build/tasks.o
LOAD build/timers.o
LOAD build/cmsis_os2.o
LOAD build/heap_4.o
LOAD build/port.o
LOAD build/startup_stm32wb55xx_cm4.o
LOAD C:/Program Files (x86)/Arm GNU Toolchain arm-none-eabi/14.3 rel1/bin/../lib/gcc/arm-none-eabi/14.3.1/../../../../arm-none-eabi/lib/thumb/v7e-m+fp/hard\libc_nano.a
LOAD C:/Program Files (x86)/Arm GNU Toolchain arm-none-eabi/14.3 rel1/bin/../lib/gcc/arm-none-eabi/14.3.1/../../../../arm-none-eabi/lib/thumb/v7e-m+fp/hard\libm.a
LOAD C:/Program Files (x86)/Arm GNU Toolchain arm-none-eabi/14.3 rel1/bin/../lib/gcc/arm-none-eabi/14.3.1/../../../../arm-none-eabi/lib/thumb/v7e-m+fp/hard\libnosys.a
START GROUP
LOAD C:/Program Files (x86)/Arm GNU Toolchain arm-none-eabi/14.3 rel1/bin/../lib/gcc/arm-none-eabi/14.3.1/thumb/v7e-m+fp/hard\libgcc.a
LOAD C:/Program Files (x86)/Arm GNU Toolchain arm-none-eabi/14.3 rel1/bin/../lib/gcc/arm-none-eabi/14.3.1/../../../../arm-none-eabi/lib/thumb/v7e-m+fp/hard\libc_nano.a
END GROUP
START GROUP
LOAD C:/Program Files (x86)/Arm GNU Toolchain arm-none-eabi/14.3 rel1/bin/../lib/gcc/arm-none-eabi/14.3.1/thumb/v7e-m+fp/hard\libgcc.a
LOAD C:/Program Files (x86)/Arm GNU Toolchain arm-none-eabi/14.3 rel1/bin/../lib/gcc/arm-none-eabi/14.3.1/../../../../arm-none-eabi/lib/thumb/v7e-m+fp/hard\libc_nano.a
END GROUP
LOAD C:/Program Files (x86)/Arm GNU Toolchain arm-none-eabi/14.3 rel1/bin/../lib/gcc/arm-none-eabi/14.3.1/thumb/v7e-m+fp/hard/crtend.o
LOAD C:/Program Files (x86)/Arm GNU Toolchain arm-none-eabi/14.3 rel1/bin/../lib/gcc/arm-none-eabi/14.3.1/thumb/v7e-m+fp/hard/crtn.o
                0x20030000                        _estack = 0x20030000
                0x00000200                        _Min_Heap_Size = 0x200
                0x00000400                        _Min_Stack_Size = 0x400

.isr_vector     0x08000000      0x13c
                0x08000000                        . = ALIGN (0x4)
 *(.isr_vector)
 .isr_vector    0x08000000      0x13c build/startup_stm32wb55xx_cm4.o
                0x08000000                g_pfnVectors
                0x0800013c                        . = ALIGN (0x4)

.text           0x08000140     0x88b0
                0x08000140                        . = ALIGN (0x4)
 *(.text)
 .text          0x08000140       0xa0 C:/Program Files (x86)/Arm GNU Toolchain arm-none-eabi/14.3 rel1/bin/../lib/gcc/arm-none-eabi/14.3.1/../../../../arm-none-eabi/lib/thumb/v7e-m+fp/hard\libc_nano.a(libc_a-memchr.o)
                0x08000140                memchr
 .text          0x080001e0       0x30 C:/Program Files (x86)/Arm GNU Toolchain arm-none-eabi/14.3 rel1/bin/../lib/gcc/arm-none-eabi/14.3.1/thumb/v7e-m+fp/hard\libgcc.a(_aeabi_uldivmod.o)
                0x080001e0                __aeabi_uldivmod
 .text          0x08000210        0x4 C:/Program Files (x86)/Arm GNU Toolchain arm-none-eabi/14.3 rel1/bin/../lib/gcc/arm-none-eabi/14.3.1/thumb/v7e-m+fp/hard\libgcc.a(_dvmd_tls.o)
                0x08000210                __aeabi_idiv0
                0x08000210                __aeabi_ldiv0
 *(.text*)
 .text.deregister_tm_clones
                0x08000214       0x1c C:/Program Files (x86)/Arm GNU Toolchain arm-none-eabi/14.3 rel1/bin/../lib/gcc/arm-none-eabi/14.3.1/thumb/v7e-m+fp/hard/crtbegin.o
 .text.register_tm_clones
                0x08000230       0x24 C:/Program Files (x86)/Arm GNU Toolchain arm-none-eabi/14.3 rel1/bin/../lib/gcc/arm-none-eabi/14.3.1/thumb/v7e-m+fp/hard/crtbegin.o
 .text.__do_global_dtors_aux
                0x08000254       0x28 C:/Program Files (x86)/Arm GNU Toolchain arm-none-eabi/14.3 rel1/bin/../lib/gcc/arm-none-eabi/14.3.1/thumb/v7e-m+fp/hard/crtbegin.o
 .text.frame_dummy
                0x0800027c       0x24 C:/Program Files (x86)/Arm GNU Toolchain arm-none-eabi/14.3 rel1/bin/../lib/gcc/arm-none-eabi/14.3.1/thumb/v7e-m+fp/hard/crtbegin.o
 .text.LL_AHB2_GRP1_EnableClock
                0x080002a0       0x32 build/main.o
 *fill*         0x080002d2        0x2 
 .text._write   0x080002d4       0x28 build/main.o
                0x080002d4                _write
 .text.main     0x080002fc       0xe0 build/main.o
                0x080002fc                main
 .text.SystemClock_Config
                0x080003dc       0xc8 build/main.o
                0x080003dc                SystemClock_Config
 .text.PeriphCommonClock_Config
                0x080004a4       0x3a build/main.o
                0x080004a4                PeriphCommonClock_Config
 *fill*         0x080004de        0x2 
 .text.MX_USART1_UART_Init
                0x080004e0       0x98 build/main.o
 .text.MX_GPIO_Init
                0x08000578        0xe build/main.o
 *fill*         0x08000586        0x2 
 .text.StartTask1
                0x08000588       0x8c build/main.o
                0x08000588                StartTask1
 .text.StartTask2
                0x08000614       0x8c build/main.o
                0x08000614                StartTask2
 .text.StartDefaultTask
                0x080006a0       0xe0 build/main.o
                0x080006a0                StartDefaultTask
 .text.HAL_TIM_PeriodElapsedCallback
                0x08000780       0x24 build/main.o
                0x08000780                HAL_TIM_PeriodElapsedCallback
 .text.Error_Handler
                0x080007a4        0xc build/main.o
                0x080007a4                Error_Handler
 .text.NMI_Handler
                0x080007b0        0x8 build/stm32wbxx_it.o
                0x080007b0                NMI_Handler
 .text.HardFault_Handler
                0x080007b8        0x8 build/stm32wbxx_it.o
                0x080007b8                HardFault_Handler
 .text.MemManage_Handler
                0x080007c0        0x8 build/stm32wbxx_it.o
                0x080007c0                MemManage_Handler
 .text.BusFault_Handler
                0x080007c8        0x8 build/stm32wbxx_it.o
                0x080007c8                BusFault_Handler
 .text.UsageFault_Handler
                0x080007d0        0x8 build/stm32wbxx_it.o
                0x080007d0                UsageFault_Handler
 .text.DebugMon_Handler
                0x080007d8        0xe build/stm32wbxx_it.o
                0x080007d8                DebugMon_Handler
 .text.EXTI0_IRQHandler
                0x080007e6        0xe build/stm32wbxx_it.o
                0x080007e6                EXTI0_IRQHandler
 .text.EXTI1_IRQHandler
                0x080007f4        0xe build/stm32wbxx_it.o
                0x080007f4                EXTI1_IRQHandler
 *fill*         0x08000802        0x2 
 .text.EXTI4_IRQHandler
                0x08000804       0x24 build/stm32wbxx_it.o
                0x08000804                EXTI4_IRQHandler
 .text.TIM1_UP_TIM16_IRQHandler
                0x08000828       0x14 build/stm32wbxx_it.o
                0x08000828                TIM1_UP_TIM16_IRQHandler
 .text.LL_AHB2_GRP1_EnableClock
                0x0800083c       0x32 build/stm32wbxx_hal_msp.o
 .text.LL_APB2_GRP1_EnableClock
                0x0800086e       0x32 build/stm32wbxx_hal_msp.o
 .text.HAL_MspInit
                0x080008a0       0x14 build/stm32wbxx_hal_msp.o
                0x080008a0                HAL_MspInit
 .text.HAL_UART_MspInit
                0x080008b4       0x8c build/stm32wbxx_hal_msp.o
                0x080008b4                HAL_UART_MspInit
 .text.LL_AHB2_GRP1_EnableClock
                0x08000940       0x32 build/stm32wbxx_nucleo.o
 *fill*         0x08000972        0x2 
 .text.BSP_LED_Init
                0x08000974       0x74 build/stm32wbxx_nucleo.o
                0x08000974                BSP_LED_Init
 .text.BSP_PB_Init
                0x080009e8       0xe0 build/stm32wbxx_nucleo.o
                0x080009e8                BSP_PB_Init
 .text.LL_RCC_HSE_IsEnabledDiv2
                0x08000ac8       0x24 build/stm32wbxx_hal_rcc.o
 .text.LL_RCC_HSE_Enable
                0x08000aec       0x1e build/stm32wbxx_hal_rcc.o
 .text.LL_RCC_HSE_Disable
                0x08000b0a       0x1e build/stm32wbxx_hal_rcc.o
 .text.LL_RCC_HSE_IsReady
                0x08000b28       0x24 build/stm32wbxx_hal_rcc.o
 .text.LL_RCC_HSI_Enable
                0x08000b4c       0x1e build/stm32wbxx_hal_rcc.o
 .text.LL_RCC_HSI_Disable
                0x08000b6a       0x1e build/stm32wbxx_hal_rcc.o
 .text.LL_RCC_HSI_IsReady
                0x08000b88       0x24 build/stm32wbxx_hal_rcc.o
 .text.LL_RCC_HSI_SetCalibTrimming
                0x08000bac       0x2a build/stm32wbxx_hal_rcc.o
 .text.LL_RCC_HSI48_Enable
                0x08000bd6       0x22 build/stm32wbxx_hal_rcc.o
 .text.LL_RCC_HSI48_Disable
                0x08000bf8       0x22 build/stm32wbxx_hal_rcc.o
 .text.LL_RCC_HSI48_IsReady
                0x08000c1a       0x24 build/stm32wbxx_hal_rcc.o
 .text.LL_RCC_LSE_Enable
                0x08000c3e       0x22 build/stm32wbxx_hal_rcc.o
 .text.LL_RCC_LSE_Disable
                0x08000c60       0x22 build/stm32wbxx_hal_rcc.o
 .text.LL_RCC_LSE_EnableBypass
                0x08000c82       0x22 build/stm32wbxx_hal_rcc.o
 .text.LL_RCC_LSE_DisableBypass
                0x08000ca4       0x22 build/stm32wbxx_hal_rcc.o
 .text.LL_RCC_LSE_IsReady
                0x08000cc6       0x24 build/stm32wbxx_hal_rcc.o
 .text.LL_RCC_LSI1_Enable
                0x08000cea       0x22 build/stm32wbxx_hal_rcc.o
 .text.LL_RCC_LSI1_Disable
                0x08000d0c       0x22 build/stm32wbxx_hal_rcc.o
 .text.LL_RCC_LSI1_IsReady
                0x08000d2e       0x24 build/stm32wbxx_hal_rcc.o
 .text.LL_RCC_LSI2_Enable
                0x08000d52       0x22 build/stm32wbxx_hal_rcc.o
 .text.LL_RCC_LSI2_Disable
                0x08000d74       0x22 build/stm32wbxx_hal_rcc.o
 .text.LL_RCC_LSI2_IsReady
                0x08000d96       0x24 build/stm32wbxx_hal_rcc.o
 .text.LL_RCC_LSI2_SetTrimming
                0x08000dba       0x2e build/stm32wbxx_hal_rcc.o
 .text.LL_RCC_MSI_Enable
                0x08000de8       0x1e build/stm32wbxx_hal_rcc.o
 .text.LL_RCC_MSI_Disable
                0x08000e06       0x1e build/stm32wbxx_hal_rcc.o
 .text.LL_RCC_MSI_IsReady
                0x08000e24       0x22 build/stm32wbxx_hal_rcc.o
 .text.LL_RCC_MSI_SetRange
                0x08000e46       0x28 build/stm32wbxx_hal_rcc.o
 .text.LL_RCC_MSI_GetRange
                0x08000e6e       0x2a build/stm32wbxx_hal_rcc.o
 .text.LL_RCC_MSI_SetCalibTrimming
                0x08000e98       0x2a build/stm32wbxx_hal_rcc.o
 .text.LL_RCC_SetSysClkSource
                0x08000ec2       0x28 build/stm32wbxx_hal_rcc.o
 .text.LL_RCC_GetSysClkSource
                0x08000eea       0x18 build/stm32wbxx_hal_rcc.o
 .text.LL_RCC_SetAHBPrescaler
                0x08000f02       0x28 build/stm32wbxx_hal_rcc.o
 .text.LL_C2_RCC_SetAHBPrescaler
                0x08000f2a       0x2c build/stm32wbxx_hal_rcc.o
 .text.LL_RCC_SetAHB4Prescaler
                0x08000f56       0x2e build/stm32wbxx_hal_rcc.o
 .text.LL_RCC_SetAPB1Prescaler
                0x08000f84       0x28 build/stm32wbxx_hal_rcc.o
 .text.LL_RCC_SetAPB2Prescaler
                0x08000fac       0x28 build/stm32wbxx_hal_rcc.o
 .text.LL_RCC_GetAHBPrescaler
                0x08000fd4       0x18 build/stm32wbxx_hal_rcc.o
 .text.LL_C2_RCC_GetAHBPrescaler
                0x08000fec       0x1a build/stm32wbxx_hal_rcc.o
 .text.LL_RCC_GetAHB4Prescaler
                0x08001006       0x1c build/stm32wbxx_hal_rcc.o
 .text.LL_RCC_GetAPB1Prescaler
                0x08001022       0x18 build/stm32wbxx_hal_rcc.o
 .text.LL_RCC_GetAPB2Prescaler
                0x0800103a       0x18 build/stm32wbxx_hal_rcc.o
 .text.LL_RCC_PLL_Enable
                0x08001052       0x1e build/stm32wbxx_hal_rcc.o
 .text.LL_RCC_PLL_Disable
                0x08001070       0x1e build/stm32wbxx_hal_rcc.o
 .text.LL_RCC_PLL_IsReady
                0x0800108e       0x24 build/stm32wbxx_hal_rcc.o
 .text.LL_RCC_PLL_GetN
                0x080010b2       0x1a build/stm32wbxx_hal_rcc.o
 .text.LL_RCC_PLL_GetR
                0x080010cc       0x18 build/stm32wbxx_hal_rcc.o
 .text.LL_RCC_PLL_GetDivider
                0x080010e4       0x18 build/stm32wbxx_hal_rcc.o
 .text.LL_RCC_PLL_GetMainSource
                0x080010fc       0x18 build/stm32wbxx_hal_rcc.o
 .text.LL_RCC_IsActiveFlag_HPRE
                0x08001114       0x24 build/stm32wbxx_hal_rcc.o
 .text.LL_RCC_IsActiveFlag_C2HPRE
                0x08001138       0x26 build/stm32wbxx_hal_rcc.o
 .text.LL_RCC_IsActiveFlag_SHDHPRE
                0x0800115e       0x26 build/stm32wbxx_hal_rcc.o
 .text.LL_RCC_IsActiveFlag_PPRE1
                0x08001184       0x24 build/stm32wbxx_hal_rcc.o
 .text.LL_RCC_IsActiveFlag_PPRE2
                0x080011a8       0x24 build/stm32wbxx_hal_rcc.o
 .text.HAL_RCC_OscConfig
                0x080011cc      0x6e8 build/stm32wbxx_hal_rcc.o
                0x080011cc                HAL_RCC_OscConfig
 .text.HAL_RCC_ClockConfig
                0x080018b4      0x280 build/stm32wbxx_hal_rcc.o
                0x080018b4                HAL_RCC_ClockConfig
 .text.HAL_RCC_GetSysClockFreq
                0x08001b34       0xd8 build/stm32wbxx_hal_rcc.o
                0x08001b34                HAL_RCC_GetSysClockFreq
 .text.HAL_RCC_GetHCLKFreq
                0x08001c0c       0x28 build/stm32wbxx_hal_rcc.o
                0x08001c0c                HAL_RCC_GetHCLKFreq
 .text.HAL_RCC_GetPCLK1Freq
                0x08001c34       0x2c build/stm32wbxx_hal_rcc.o
                0x08001c34                HAL_RCC_GetPCLK1Freq
 .text.HAL_RCC_GetPCLK2Freq
                0x08001c60       0x2c build/stm32wbxx_hal_rcc.o
                0x08001c60                HAL_RCC_GetPCLK2Freq
 .text.HAL_RCC_GetClockConfig
                0x08001c8c       0x64 build/stm32wbxx_hal_rcc.o
                0x08001c8c                HAL_RCC_GetClockConfig
 .text.RCC_SetFlashLatencyFromMSIRange
                0x08001cf0       0x70 build/stm32wbxx_hal_rcc.o
 .text.RCC_SetFlashLatency
                0x08001d60       0xf8 build/stm32wbxx_hal_rcc.o
 .text.LL_RCC_LSE_IsEnabled
                0x08001e58       0x24 build/stm32wbxx_hal_rcc_ex.o
 .text.LL_RCC_LSE_IsReady
                0x08001e7c       0x24 build/stm32wbxx_hal_rcc_ex.o
 .text.LL_RCC_SetRFWKPClockSource
                0x08001ea0       0x2c build/stm32wbxx_hal_rcc_ex.o
 .text.LL_RCC_SetSMPSClockSource
                0x08001ecc       0x28 build/stm32wbxx_hal_rcc_ex.o
 .text.LL_RCC_SetSMPSPrescaler
                0x08001ef4       0x28 build/stm32wbxx_hal_rcc_ex.o
 .text.LL_RCC_SetUSARTClockSource
                0x08001f1c       0x2c build/stm32wbxx_hal_rcc_ex.o
 .text.LL_RCC_SetLPUARTClockSource
                0x08001f48       0x2c build/stm32wbxx_hal_rcc_ex.o
 .text.LL_RCC_SetI2CClockSource
                0x08001f74       0x3a build/stm32wbxx_hal_rcc_ex.o
 .text.LL_RCC_SetLPTIMClockSource
                0x08001fae       0x34 build/stm32wbxx_hal_rcc_ex.o
 .text.LL_RCC_SetSAIClockSource
                0x08001fe2       0x2c build/stm32wbxx_hal_rcc_ex.o
 .text.LL_RCC_SetRNGClockSource
                0x0800200e       0x2c build/stm32wbxx_hal_rcc_ex.o
 .text.LL_RCC_SetCLK48ClockSource
                0x0800203a       0x2c build/stm32wbxx_hal_rcc_ex.o
 .text.LL_RCC_SetUSBClockSource
                0x08002066       0x16 build/stm32wbxx_hal_rcc_ex.o
 .text.LL_RCC_SetADCClockSource
                0x0800207c       0x2c build/stm32wbxx_hal_rcc_ex.o
 .text.LL_RCC_SetRTCClockSource
                0x080020a8       0x2c build/stm32wbxx_hal_rcc_ex.o
 .text.LL_RCC_GetRTCClockSource
                0x080020d4       0x1a build/stm32wbxx_hal_rcc_ex.o
 .text.LL_RCC_ForceBackupDomainReset
                0x080020ee       0x22 build/stm32wbxx_hal_rcc_ex.o
 .text.LL_RCC_ReleaseBackupDomainReset
                0x08002110       0x22 build/stm32wbxx_hal_rcc_ex.o
 .text.LL_RCC_PLLSAI1_Enable
                0x08002132       0x1e build/stm32wbxx_hal_rcc_ex.o
 .text.LL_RCC_PLLSAI1_Disable
                0x08002150       0x1e build/stm32wbxx_hal_rcc_ex.o
 .text.LL_RCC_PLLSAI1_IsReady
                0x0800216e       0x24 build/stm32wbxx_hal_rcc_ex.o
 .text.HAL_RCCEx_PeriphCLKConfig
                0x08002192      0x2ec build/stm32wbxx_hal_rcc_ex.o
                0x08002192                HAL_RCCEx_PeriphCLKConfig
 .text.RCCEx_PLLSAI1_ConfigNP
                0x0800247e       0xb6 build/stm32wbxx_hal_rcc_ex.o
 .text.RCCEx_PLLSAI1_ConfigNQ
                0x08002534       0xb6 build/stm32wbxx_hal_rcc_ex.o
 .text.RCCEx_PLLSAI1_ConfigNR
                0x080025ea       0xb6 build/stm32wbxx_hal_rcc_ex.o
 .text.HAL_GPIO_Init
                0x080026a0      0x2e0 build/stm32wbxx_hal_gpio.o
                0x080026a0                HAL_GPIO_Init
 .text.HAL_GPIO_WritePin
                0x08002980       0x30 build/stm32wbxx_hal_gpio.o
                0x08002980                HAL_GPIO_WritePin
 .text.HAL_GPIO_TogglePin
                0x080029b0       0x34 build/stm32wbxx_hal_gpio.o
                0x080029b0                HAL_GPIO_TogglePin
 .text.HAL_GPIO_EXTI_IRQHandler
                0x080029e4       0x30 build/stm32wbxx_hal_gpio.o
                0x080029e4                HAL_GPIO_EXTI_IRQHandler
 .text.HAL_GPIO_EXTI_Callback
                0x08002a14       0x16 build/stm32wbxx_hal_gpio.o
                0x08002a14                HAL_GPIO_EXTI_Callback
 *fill*         0x08002a2a        0x2 
 .text.HAL_PWR_EnableBkUpAccess
                0x08002a2c       0x20 build/stm32wbxx_hal_pwr.o
                0x08002a2c                HAL_PWR_EnableBkUpAccess
 .text.HAL_PWREx_GetVoltageRange
                0x08002a4c       0x1c build/stm32wbxx_hal_pwr_ex.o
                0x08002a4c                HAL_PWREx_GetVoltageRange
 .text.__NVIC_SetPriorityGrouping
                0x08002a68       0x48 build/stm32wbxx_hal_cortex.o
 .text.__NVIC_GetPriorityGrouping
                0x08002ab0       0x1c build/stm32wbxx_hal_cortex.o
 .text.__NVIC_EnableIRQ
                0x08002acc       0x3c build/stm32wbxx_hal_cortex.o
 .text.__NVIC_SetPriority
                0x08002b08       0x54 build/stm32wbxx_hal_cortex.o
 .text.NVIC_EncodePriority
                0x08002b5c       0x66 build/stm32wbxx_hal_cortex.o
 .text.HAL_NVIC_SetPriorityGrouping
                0x08002bc2       0x16 build/stm32wbxx_hal_cortex.o
                0x08002bc2                HAL_NVIC_SetPriorityGrouping
 .text.HAL_NVIC_SetPriority
                0x08002bd8       0x34 build/stm32wbxx_hal_cortex.o
                0x08002bd8                HAL_NVIC_SetPriority
 .text.HAL_NVIC_EnableIRQ
                0x08002c0c       0x1c build/stm32wbxx_hal_cortex.o
                0x08002c0c                HAL_NVIC_EnableIRQ
 .text.HAL_Init
                0x08002c28       0x40 build/stm32wbxx_hal.o
                0x08002c28                HAL_Init
 .text.HAL_IncTick
                0x08002c68       0x28 build/stm32wbxx_hal.o
                0x08002c68                HAL_IncTick
 .text.HAL_GetTick
                0x08002c90       0x18 build/stm32wbxx_hal.o
                0x08002c90                HAL_GetTick
 .text.HAL_GetTickPrio
                0x08002ca8       0x18 build/stm32wbxx_hal.o
                0x08002ca8                HAL_GetTickPrio
 .text.HAL_Delay
                0x08002cc0       0x48 build/stm32wbxx_hal.o
                0x08002cc0                HAL_Delay
 .text.LL_RCC_GetUSARTClockSource
                0x08002d08       0x20 build/stm32wbxx_hal_uart.o
 .text.LL_RCC_GetLPUARTClockSource
                0x08002d28       0x20 build/stm32wbxx_hal_uart.o
 .text.HAL_UART_Init
                0x08002d48       0xa0 build/stm32wbxx_hal_uart.o
                0x08002d48                HAL_UART_Init
 .text.HAL_UART_Transmit
                0x08002de8      0x132 build/stm32wbxx_hal_uart.o
                0x08002de8                HAL_UART_Transmit
 *fill*         0x08002f1a        0x2 
 .text.UART_SetConfig
                0x08002f1c      0x450 build/stm32wbxx_hal_uart.o
                0x08002f1c                UART_SetConfig
 .text.UART_AdvFeatureConfig
                0x0800336c      0x144 build/stm32wbxx_hal_uart.o
                0x0800336c                UART_AdvFeatureConfig
 .text.UART_CheckIdleState
                0x080034b0      0x154 build/stm32wbxx_hal_uart.o
                0x080034b0                UART_CheckIdleState
 .text.UART_WaitOnFlagUntilTimeout
                0x08003604       0xda build/stm32wbxx_hal_uart.o
                0x08003604                UART_WaitOnFlagUntilTimeout
 .text.UART_EndRxTransfer
                0x080036de       0xcc build/stm32wbxx_hal_uart.o
 .text.HAL_UARTEx_DisableFifoMode
                0x080037aa       0x72 build/stm32wbxx_hal_uart_ex.o
                0x080037aa                HAL_UARTEx_DisableFifoMode
 .text.HAL_UARTEx_SetTxFifoThreshold
                0x0800381c       0x7c build/stm32wbxx_hal_uart_ex.o
                0x0800381c                HAL_UARTEx_SetTxFifoThreshold
 .text.HAL_UARTEx_SetRxFifoThreshold
                0x08003898       0x7c build/stm32wbxx_hal_uart_ex.o
                0x08003898                HAL_UARTEx_SetRxFifoThreshold
 .text.UARTEx_SetNbDataToProcess
                0x08003914       0x9c build/stm32wbxx_hal_uart_ex.o
 .text.SystemInit
                0x080039b0       0xa4 build/system_stm32wbxx.o
                0x080039b0                SystemInit
 .text._sbrk    0x08003a54       0x6c build/sysmem.o
                0x08003a54                _sbrk
 .text._read    0x08003ac0       0x3a build/syscalls.o
                0x08003ac0                _read
 .text._close   0x08003afa       0x18 build/syscalls.o
                0x08003afa                _close
 .text._fstat   0x08003b12       0x20 build/syscalls.o
                0x08003b12                _fstat
 .text._isatty  0x08003b32       0x16 build/syscalls.o
                0x08003b32                _isatty
 .text._lseek   0x08003b48       0x1a build/syscalls.o
                0x08003b48                _lseek
 .text.LL_APB2_GRP1_EnableClock
                0x08003b62       0x32 build/stm32wbxx_hal_timebase_tim.o
 .text.HAL_InitTick
                0x08003b94       0xdc build/stm32wbxx_hal_timebase_tim.o
                0x08003b94                HAL_InitTick
 .text.HAL_TIM_Base_Init
                0x08003c70       0xae build/stm32wbxx_hal_tim.o
                0x08003c70                HAL_TIM_Base_Init
 .text.HAL_TIM_Base_MspInit
                0x08003d1e       0x14 build/stm32wbxx_hal_tim.o
                0x08003d1e                HAL_TIM_Base_MspInit
 *fill*         0x08003d32        0x2 
 .text.HAL_TIM_Base_Start_IT
                0x08003d34       0x9c build/stm32wbxx_hal_tim.o
                0x08003d34                HAL_TIM_Base_Start_IT
 .text.HAL_TIM_IRQHandler
                0x08003dd0      0x20e build/stm32wbxx_hal_tim.o
                0x08003dd0                HAL_TIM_IRQHandler
 .text.HAL_TIM_OC_DelayElapsedCallback
                0x08003fde       0x14 build/stm32wbxx_hal_tim.o
                0x08003fde                HAL_TIM_OC_DelayElapsedCallback
 .text.HAL_TIM_IC_CaptureCallback
                0x08003ff2       0x14 build/stm32wbxx_hal_tim.o
                0x08003ff2                HAL_TIM_IC_CaptureCallback
 .text.HAL_TIM_PWM_PulseFinishedCallback
                0x08004006       0x14 build/stm32wbxx_hal_tim.o
                0x08004006                HAL_TIM_PWM_PulseFinishedCallback
 .text.HAL_TIM_TriggerCallback
                0x0800401a       0x14 build/stm32wbxx_hal_tim.o
                0x0800401a                HAL_TIM_TriggerCallback
 *fill*         0x0800402e        0x2 
 .text.TIM_Base_SetConfig
                0x08004030       0xd4 build/stm32wbxx_hal_tim.o
                0x08004030                TIM_Base_SetConfig
 .text.HAL_TIMEx_CommutCallback
                0x08004104       0x14 build/stm32wbxx_hal_tim_ex.o
                0x08004104                HAL_TIMEx_CommutCallback
 .text.HAL_TIMEx_BreakCallback
                0x08004118       0x14 build/stm32wbxx_hal_tim_ex.o
                0x08004118                HAL_TIMEx_BreakCallback
 .text.HAL_TIMEx_Break2Callback
                0x0800412c       0x14 build/stm32wbxx_hal_tim_ex.o
                0x0800412c                HAL_TIMEx_Break2Callback
 .text.vListInitialise
                0x08004140       0x40 build/list.o
                0x08004140                vListInitialise
 .text.vListInitialiseItem
                0x08004180       0x1a build/list.o
                0x08004180                vListInitialiseItem
 .text.vListInsert
                0x0800419a       0x72 build/list.o
                0x0800419a                vListInsert
 .text.uxListRemove
                0x0800420c       0x54 build/list.o
                0x0800420c                uxListRemove
 .text.xQueueGenericReset
                0x08004260      0x124 build/queue.o
                0x08004260                xQueueGenericReset
 .text.xQueueGenericCreateStatic
                0x08004384       0xc2 build/queue.o
                0x08004384                xQueueGenericCreateStatic
 .text.xQueueGenericCreate
                0x08004446       0xa6 build/queue.o
                0x08004446                xQueueGenericCreate
 .text.prvInitialiseNewQueue
                0x080044ec       0x46 build/queue.o
 .text.prvInitialiseMutex
                0x08004532       0x34 build/queue.o
 .text.xQueueCreateMutex
                0x08004566       0x30 build/queue.o
                0x08004566                xQueueCreateMutex
 .text.xQueueCreateMutexStatic
                0x08004596       0x36 build/queue.o
                0x08004596                xQueueCreateMutexStatic
 .text.xQueueGiveMutexRecursive
                0x080045cc       0x6a build/queue.o
                0x080045cc                xQueueGiveMutexRecursive
 .text.xQueueTakeMutexRecursive
                0x08004636       0x6e build/queue.o
                0x08004636                xQueueTakeMutexRecursive
 .text.xQueueGenericSend
                0x080046a4      0x204 build/queue.o
                0x080046a4                xQueueGenericSend
 .text.xQueueReceive
                0x080048a8      0x1c4 build/queue.o
                0x080048a8                xQueueReceive
 .text.xQueueSemaphoreTake
                0x08004a6c      0x200 build/queue.o
                0x08004a6c                xQueueSemaphoreTake
 .text.prvGetDisinheritPriorityAfterTimeout
                0x08004c6c       0x30 build/queue.o
 .text.prvCopyDataToQueue
                0x08004c9c       0xd4 build/queue.o
 .text.prvCopyDataFromQueue
                0x08004d70       0x4c build/queue.o
 .text.prvUnlockQueue
                0x08004dbc       0xa4 build/queue.o
 .text.prvIsQueueEmpty
                0x08004e60       0x2c build/queue.o
 .text.prvIsQueueFull
                0x08004e8c       0x30 build/queue.o
 .text.vQueueAddToRegistry
                0x08004ebc       0xa0 build/queue.o
                0x08004ebc                vQueueAddToRegistry
 .text.vQueueWaitForMessageRestricted
                0x08004f5c       0x68 build/queue.o
                0x08004f5c                vQueueWaitForMessageRestricted
 .text.xTaskCreateStatic
                0x08004fc4       0xca build/tasks.o
                0x08004fc4                xTaskCreateStatic
 .text.xTaskCreate
                0x0800508e       0x94 build/tasks.o
                0x0800508e                xTaskCreate
 .text.prvInitialiseNewTask
                0x08005122      0x120 build/tasks.o
 *fill*         0x08005242        0x2 
 .text.prvAddNewTaskToReadyList
                0x08005244      0x130 build/tasks.o
 .text.vTaskDelay
                0x08005374       0x6c build/tasks.o
                0x08005374                vTaskDelay
 .text.vTaskStartScheduler
                0x080053e0       0xd8 build/tasks.o
                0x080053e0                vTaskStartScheduler
 .text.vTaskSuspendAll
                0x080054b8       0x1c build/tasks.o
                0x080054b8                vTaskSuspendAll
 .text.xTaskResumeAll
                0x080054d4      0x1fc build/tasks.o
                0x080054d4                xTaskResumeAll
 .text.xTaskGetTickCount
                0x080056d0       0x20 build/tasks.o
                0x080056d0                xTaskGetTickCount
 .text.xTaskIncrementTick
                0x080056f0      0x230 build/tasks.o
                0x080056f0                xTaskIncrementTick
 .text.vTaskSwitchContext
                0x08005920       0xbc build/tasks.o
                0x08005920                vTaskSwitchContext
 .text.vTaskPlaceOnEventList
                0x080059dc       0x4c build/tasks.o
                0x080059dc                vTaskPlaceOnEventList
 .text.vTaskPlaceOnEventListRestricted
                0x08005a28       0x8c build/tasks.o
                0x08005a28                vTaskPlaceOnEventListRestricted
 .text.xTaskRemoveFromEventList
                0x08005ab4      0x1b0 build/tasks.o
                0x08005ab4                xTaskRemoveFromEventList
 .text.vTaskInternalSetTimeOutState
                0x08005c64       0x2c build/tasks.o
                0x08005c64                vTaskInternalSetTimeOutState
 .text.xTaskCheckForTimeOut
                0x08005c90       0xd0 build/tasks.o
                0x08005c90                xTaskCheckForTimeOut
 .text.vTaskMissedYield
                0x08005d60       0x18 build/tasks.o
                0x08005d60                vTaskMissedYield
 .text.prvIdleTask
                0x08005d78       0x30 build/tasks.o
 .text.prvInitialiseTaskLists
                0x08005da8       0x80 build/tasks.o
 .text.prvCheckTasksWaitingTermination
                0x08005e28       0x5c build/tasks.o
 .text.prvDeleteTCB
                0x08005e84       0x60 build/tasks.o
 .text.prvResetNextTaskUnblockTime
                0x08005ee4       0x38 build/tasks.o
 .text.xTaskGetCurrentTaskHandle
                0x08005f1c       0x20 build/tasks.o
                0x08005f1c                xTaskGetCurrentTaskHandle
 .text.xTaskGetSchedulerState
                0x08005f3c       0x3c build/tasks.o
                0x08005f3c                xTaskGetSchedulerState
 .text.xTaskPriorityInherit
                0x08005f78      0x120 build/tasks.o
                0x08005f78                xTaskPriorityInherit
 .text.xTaskPriorityDisinherit
                0x08006098      0x130 build/tasks.o
                0x08006098                xTaskPriorityDisinherit
 .text.vTaskPriorityDisinheritAfterTimeout
                0x080061c8      0x158 build/tasks.o
                0x080061c8                vTaskPriorityDisinheritAfterTimeout
 .text.pvTaskIncrementMutexHeldCount
                0x08006320       0x28 build/tasks.o
                0x08006320                pvTaskIncrementMutexHeldCount
 .text.prvAddCurrentTaskToDelayedList
                0x08006348       0xdc build/tasks.o
 .text.xTimerCreateTimerTask
                0x08006424       0x94 build/timers.o
                0x08006424                xTimerCreateTimerTask
 .text.prvReloadTimer
                0x080064b8       0x42 build/timers.o
 *fill*         0x080064fa        0x2 
 .text.prvProcessExpiredTimer
                0x080064fc       0x60 build/timers.o
 .text.prvTimerTask
                0x0800655c       0x26 build/timers.o
 *fill*         0x08006582        0x2 
 .text.prvProcessTimerOrBlockTask
                0x08006584       0x9c build/timers.o
 .text.prvGetNextExpireTime
                0x08006620       0x48 build/timers.o
 .text.prvSampleTimeNow
                0x08006668       0x40 build/timers.o
 .text.prvInsertTimerInActiveList
                0x080066a8       0x84 build/timers.o
 .text.prvProcessReceivedCommands
                0x0800672c      0x1bc build/timers.o
 .text.prvSwitchTimerLists
                0x080068e8       0x4c build/timers.o
 .text.prvCheckForValidListAndQueue
                0x08006934       0x80 build/timers.o
 .text.__NVIC_SetPriority
                0x080069b4       0x54 build/cmsis_os2.o
 .text.SysTick_Handler
                0x08006a08       0x20 build/cmsis_os2.o
                0x08006a08                SysTick_Handler
 .text.SVC_Setup
                0x08006a28       0x12 build/cmsis_os2.o
 .text.IRQ_Context
                0x08006a3a       0x4e build/cmsis_os2.o
 .text.osKernelInitialize
                0x08006a88       0x4c build/cmsis_os2.o
                0x08006a88                osKernelInitialize
 .text.osKernelStart
                0x08006ad4       0x54 build/cmsis_os2.o
                0x08006ad4                osKernelStart
 .text.osThreadNew
                0x08006b28      0x122 build/cmsis_os2.o
                0x08006b28                osThreadNew
 .text.osDelay  0x08006c4a       0x34 build/cmsis_os2.o
                0x08006c4a                osDelay
 .text.osMutexNew
                0x08006c7e      0x10a build/cmsis_os2.o
                0x08006c7e                osMutexNew
 .text.osMutexAcquire
                0x08006d88       0x94 build/cmsis_os2.o
                0x08006d88                osMutexAcquire
 .text.osMutexRelease
                0x08006e1c       0x78 build/cmsis_os2.o
                0x08006e1c                osMutexRelease
 .text.vApplicationGetIdleTaskMemory
                0x08006e94       0x34 build/cmsis_os2.o
                0x08006e94                vApplicationGetIdleTaskMemory
 .text.vApplicationGetTimerTaskMemory
                0x08006ec8       0x34 build/cmsis_os2.o
                0x08006ec8                vApplicationGetTimerTaskMemory
 .text.pvPortMalloc
                0x08006efc      0x198 build/heap_4.o
                0x08006efc                pvPortMalloc
 .text.vPortFree
                0x08007094       0xb4 build/heap_4.o
                0x08007094                vPortFree
 .text.prvHeapInit
                0x08007148       0xb8 build/heap_4.o
 .text.prvInsertBlockIntoFreeList
                0x08007200       0xb4 build/heap_4.o
 .text.pxPortInitialiseStack
                0x080072b4       0x68 build/port.o
                0x080072b4                pxPortInitialiseStack
 .text.prvTaskExitError
                0x0800731c       0x5c build/port.o
 *fill*         0x08007378        0x8 
 .text.SVC_Handler
                0x08007380       0x28 build/port.o
                0x08007380                SVC_Handler
 .text.prvPortStartFirstTask
                0x080073a8       0x2c build/port.o
 .text.xPortStartScheduler
                0x080073d4      0x17c build/port.o
                0x080073d4                xPortStartScheduler
 .text.vPortEnterCritical
                0x08007550       0x64 build/port.o
                0x08007550                vPortEnterCritical
 .text.vPortExitCritical
                0x080075b4       0x54 build/port.o
                0x080075b4                vPortExitCritical
 *fill*         0x08007608        0x8 
 .text.PendSV_Handler
                0x08007610       0x68 build/port.o
                0x08007610                PendSV_Handler
 .text.xPortSysTickHandler
                0x08007678       0x44 build/port.o
                0x08007678                xPortSysTickHandler
 .text.vPortSetupTimerInterrupt
                0x080076bc       0x48 build/port.o
                0x080076bc                vPortSetupTimerInterrupt
 .text.vPortEnableVFP
                0x08007704       0x18 build/port.o
 .text.data_initializers
                0x0800771c       0x18 build/startup_stm32wb55xx_cm4.o
 .text.Reset_Handler
                0x08007734       0x58 build/startup_stm32wb55xx_cm4.o
                0x08007734                Reset_Handler
 .text.Default_Handler
                0x0800778c        0x2 build/startup_stm32wb55xx_cm4.o
                0x0800778c                RTC_Alarm_IRQHandler
                0x0800778c                EXTI2_IRQHandler
                0x0800778c                TIM1_CC_IRQHandler
                0x0800778c                TSC_IRQHandler
                0x0800778c                USB_HP_IRQHandler
                0x0800778c                EXTI3_IRQHandler
                0x0800778c                LPTIM2_IRQHandler
                0x0800778c                I2C3_ER_IRQHandler
                0x0800778c                FPU_IRQHandler
                0x0800778c                AES1_IRQHandler
                0x0800778c                SPI1_IRQHandler
                0x0800778c                PWR_SOTF_BLEACT_802ACT_RFPHASE_IRQHandler
                0x0800778c                DMA2_Channel2_IRQHandler
                0x0800778c                DMA1_Channel4_IRQHandler
                0x0800778c                ADC1_IRQHandler
                0x0800778c                PKA_IRQHandler
                0x0800778c                DMA1_Channel7_IRQHandler
                0x0800778c                LCD_IRQHandler
                0x0800778c                IPCC_C1_TX_IRQHandler
                0x0800778c                DMA2_Channel1_IRQHandler
                0x0800778c                QUADSPI_IRQHandler
                0x0800778c                I2C1_EV_IRQHandler
                0x0800778c                DMAMUX1_OVR_IRQHandler
                0x0800778c                DMA1_Channel6_IRQHandler
                0x0800778c                DMA2_Channel4_IRQHandler
                0x0800778c                RCC_IRQHandler
                0x0800778c                DMA1_Channel1_IRQHandler
                0x0800778c                Default_Handler
                0x0800778c                DMA2_Channel7_IRQHandler
                0x0800778c                EXTI15_10_IRQHandler
                0x0800778c                IPCC_C1_RX_IRQHandler
                0x0800778c                C2SEV_PWR_C2H_IRQHandler
                0x0800778c                AES2_IRQHandler
                0x0800778c                I2C3_EV_IRQHandler
                0x0800778c                EXTI9_5_IRQHandler
                0x0800778c                RTC_WKUP_IRQHandler
                0x0800778c                PVD_PVM_IRQHandler
                0x0800778c                SPI2_IRQHandler
                0x0800778c                DMA2_Channel5_IRQHandler
                0x0800778c                CRS_IRQHandler
                0x0800778c                DMA1_Channel5_IRQHandler
                0x0800778c                USB_LP_IRQHandler
                0x0800778c                RNG_IRQHandler
                0x0800778c                TIM1_TRG_COM_TIM17_IRQHandler
                0x0800778c                TAMP_STAMP_LSECSS_IRQHandler
                0x0800778c                DMA1_Channel3_IRQHandler
                0x0800778c                COMP_IRQHandler
                0x0800778c                HSEM_IRQHandler
                0x0800778c                WWDG_IRQHandler
                0x0800778c                LPUART1_IRQHandler
                0x0800778c                DMA2_Channel6_IRQHandler
                0x0800778c                TIM2_IRQHandler
                0x0800778c                TIM1_BRK_IRQHandler
                0x0800778c                DMA1_Channel2_IRQHandler
                0x0800778c                FLASH_IRQHandler
                0x0800778c                USART1_IRQHandler
                0x0800778c                I2C1_ER_IRQHandler
                0x0800778c                LPTIM1_IRQHandler
                0x0800778c                SAI1_IRQHandler
                0x0800778c                DMA2_Channel3_IRQHandler
 *fill*         0x0800778e        0x2 
 .text.malloc   0x08007790       0x10 C:/Program Files (x86)/Arm GNU Toolchain arm-none-eabi/14.3 rel1/bin/../lib/gcc/arm-none-eabi/14.3.1/../../../../arm-none-eabi/lib/thumb/v7e-m+fp/hard\libc_nano.a(libc_a-malloc.o)
                0x08007790                malloc
 .text.free     0x080077a0       0x10 C:/Program Files (x86)/Arm GNU Toolchain arm-none-eabi/14.3 rel1/bin/../lib/gcc/arm-none-eabi/14.3.1/../../../../arm-none-eabi/lib/thumb/v7e-m+fp/hard\libc_nano.a(libc_a-malloc.o)
                0x080077a0                free
 .text.sbrk_aligned
                0x080077b0       0x44 C:/Program Files (x86)/Arm GNU Toolchain arm-none-eabi/14.3 rel1/bin/../lib/gcc/arm-none-eabi/14.3.1/../../../../arm-none-eabi/lib/thumb/v7e-m+fp/hard\libc_nano.a(libc_a-mallocr.o)
 .text._malloc_r
                0x080077f4      0x100 C:/Program Files (x86)/Arm GNU Toolchain arm-none-eabi/14.3 rel1/bin/../lib/gcc/arm-none-eabi/14.3.1/../../../../arm-none-eabi/lib/thumb/v7e-m+fp/hard\libc_nano.a(libc_a-mallocr.o)
                0x080077f4                _malloc_r
 .text.__malloc_lock
                0x080078f4        0xc C:/Program Files (x86)/Arm GNU Toolchain arm-none-eabi/14.3 rel1/bin/../lib/gcc/arm-none-eabi/14.3.1/../../../../arm-none-eabi/lib/thumb/v7e-m+fp/hard\libc_nano.a(libc_a-mlock.o)
                0x080078f4                __malloc_lock
 .text.__malloc_unlock
                0x08007900        0xc C:/Program Files (x86)/Arm GNU Toolchain arm-none-eabi/14.3 rel1/bin/../lib/gcc/arm-none-eabi/14.3.1/../../../../arm-none-eabi/lib/thumb/v7e-m+fp/hard\libc_nano.a(libc_a-mlock.o)
                0x08007900                __malloc_unlock
 .text.std      0x0800790c       0x6c C:/Program Files (x86)/Arm GNU Toolchain arm-none-eabi/14.3 rel1/bin/../lib/gcc/arm-none-eabi/14.3.1/../../../../arm-none-eabi/lib/thumb/v7e-m+fp/hard\libc_nano.a(libc_a-findfp.o)
 .text.stdio_exit_handler
                0x08007978       0x18 C:/Program Files (x86)/Arm GNU Toolchain arm-none-eabi/14.3 rel1/bin/../lib/gcc/arm-none-eabi/14.3.1/../../../../arm-none-eabi/lib/thumb/v7e-m+fp/hard\libc_nano.a(libc_a-findfp.o)
 .text.cleanup_stdio
                0x08007990       0x40 C:/Program Files (x86)/Arm GNU Toolchain arm-none-eabi/14.3 rel1/bin/../lib/gcc/arm-none-eabi/14.3.1/../../../../arm-none-eabi/lib/thumb/v7e-m+fp/hard\libc_nano.a(libc_a-findfp.o)
 .text.global_stdio_init.part.0
                0x080079d0       0x40 C:/Program Files (x86)/Arm GNU Toolchain arm-none-eabi/14.3 rel1/bin/../lib/gcc/arm-none-eabi/14.3.1/../../../../arm-none-eabi/lib/thumb/v7e-m+fp/hard\libc_nano.a(libc_a-findfp.o)
 .text.__sfp_lock_acquire
                0x08007a10        0xc C:/Program Files (x86)/Arm GNU Toolchain arm-none-eabi/14.3 rel1/bin/../lib/gcc/arm-none-eabi/14.3.1/../../../../arm-none-eabi/lib/thumb/v7e-m+fp/hard\libc_nano.a(libc_a-findfp.o)
                0x08007a10                __sfp_lock_acquire
 .text.__sfp_lock_release
                0x08007a1c        0xc C:/Program Files (x86)/Arm GNU Toolchain arm-none-eabi/14.3 rel1/bin/../lib/gcc/arm-none-eabi/14.3.1/../../../../arm-none-eabi/lib/thumb/v7e-m+fp/hard\libc_nano.a(libc_a-findfp.o)
                0x08007a1c                __sfp_lock_release
 .text.__sinit  0x08007a28       0x30 C:/Program Files (x86)/Arm GNU Toolchain arm-none-eabi/14.3 rel1/bin/../lib/gcc/arm-none-eabi/14.3.1/../../../../arm-none-eabi/lib/thumb/v7e-m+fp/hard\libc_nano.a(libc_a-findfp.o)
                0x08007a28                __sinit
 .text._fwalk_sglue
                0x08007a58       0x3c C:/Program Files (x86)/Arm GNU Toolchain arm-none-eabi/14.3 rel1/bin/../lib/gcc/arm-none-eabi/14.3.1/../../../../arm-none-eabi/lib/thumb/v7e-m+fp/hard\libc_nano.a(libc_a-fwalk.o)
                0x08007a58                _fwalk_sglue
 .text.printf   0x08007a94       0x24 C:/Program Files (x86)/Arm GNU Toolchain arm-none-eabi/14.3 rel1/bin/../lib/gcc/arm-none-eabi/14.3.1/../../../../arm-none-eabi/lib/thumb/v7e-m+fp/hard\libc_nano.a(libc_a-printf.o)
                0x08007a94                iprintf
                0x08007a94                printf
 .text._puts_r  0x08007ab8       0xaa C:/Program Files (x86)/Arm GNU Toolchain arm-none-eabi/14.3 rel1/bin/../lib/gcc/arm-none-eabi/14.3.1/../../../../arm-none-eabi/lib/thumb/v7e-m+fp/hard\libc_nano.a(libc_a-puts.o)
                0x08007ab8                _puts_r
 *fill*         0x08007b62        0x2 
 .text.puts     0x08007b64       0x10 C:/Program Files (x86)/Arm GNU Toolchain arm-none-eabi/14.3 rel1/bin/../lib/gcc/arm-none-eabi/14.3.1/../../../../arm-none-eabi/lib/thumb/v7e-m+fp/hard\libc_nano.a(libc_a-puts.o)
                0x08007b64                puts
 .text.__sread  0x08007b74       0x22 C:/Program Files (x86)/Arm GNU Toolchain arm-none-eabi/14.3 rel1/bin/../lib/gcc/arm-none-eabi/14.3.1/../../../../arm-none-eabi/lib/thumb/v7e-m+fp/hard\libc_nano.a(libc_a-stdio.o)
                0x08007b74                __sread
 .text.__swrite
                0x08007b96       0x38 C:/Program Files (x86)/Arm GNU Toolchain arm-none-eabi/14.3 rel1/bin/../lib/gcc/arm-none-eabi/14.3.1/../../../../arm-none-eabi/lib/thumb/v7e-m+fp/hard\libc_nano.a(libc_a-stdio.o)
                0x08007b96                __swrite
 .text.__sseek  0x08007bce       0x26 C:/Program Files (x86)/Arm GNU Toolchain arm-none-eabi/14.3 rel1/bin/../lib/gcc/arm-none-eabi/14.3.1/../../../../arm-none-eabi/lib/thumb/v7e-m+fp/hard\libc_nano.a(libc_a-stdio.o)
                0x08007bce                __sseek
 .text.__sclose
                0x08007bf4        0x8 C:/Program Files (x86)/Arm GNU Toolchain arm-none-eabi/14.3 rel1/bin/../lib/gcc/arm-none-eabi/14.3.1/../../../../arm-none-eabi/lib/thumb/v7e-m+fp/hard\libc_nano.a(libc_a-stdio.o)
                0x08007bf4                __sclose
 .text.__swbuf_r
                0x08007bfc       0x7c C:/Program Files (x86)/Arm GNU Toolchain arm-none-eabi/14.3 rel1/bin/../lib/gcc/arm-none-eabi/14.3.1/../../../../arm-none-eabi/lib/thumb/v7e-m+fp/hard\libc_nano.a(libc_a-wbuf.o)
                0x08007bfc                __swbuf_r
 .text.__swsetup_r
                0x08007c78       0xa8 C:/Program Files (x86)/Arm GNU Toolchain arm-none-eabi/14.3 rel1/bin/../lib/gcc/arm-none-eabi/14.3.1/../../../../arm-none-eabi/lib/thumb/v7e-m+fp/hard\libc_nano.a(libc_a-wsetup.o)
                0x08007c78                __swsetup_r
 .text.memset   0x08007d20       0x10 C:/Program Files (x86)/Arm GNU Toolchain arm-none-eabi/14.3 rel1/bin/../lib/gcc/arm-none-eabi/14.3.1/../../../../arm-none-eabi/lib/thumb/v7e-m+fp/hard\libc_nano.a(libc_a-memset.o)
                0x08007d20                memset
 .text._close_r
                0x08007d30       0x20 C:/Program Files (x86)/Arm GNU Toolchain arm-none-eabi/14.3 rel1/bin/../lib/gcc/arm-none-eabi/14.3.1/../../../../arm-none-eabi/lib/thumb/v7e-m+fp/hard\libc_nano.a(libc_a-closer.o)
                0x08007d30                _close_r
 .text._lseek_r
                0x08007d50       0x24 C:/Program Files (x86)/Arm GNU Toolchain arm-none-eabi/14.3 rel1/bin/../lib/gcc/arm-none-eabi/14.3.1/../../../../arm-none-eabi/lib/thumb/v7e-m+fp/hard\libc_nano.a(libc_a-lseekr.o)
                0x08007d50                _lseek_r
 .text._read_r  0x08007d74       0x24 C:/Program Files (x86)/Arm GNU Toolchain arm-none-eabi/14.3 rel1/bin/../lib/gcc/arm-none-eabi/14.3.1/../../../../arm-none-eabi/lib/thumb/v7e-m+fp/hard\libc_nano.a(libc_a-readr.o)
                0x08007d74                _read_r
 .text._sbrk_r  0x08007d98       0x20 C:/Program Files (x86)/Arm GNU Toolchain arm-none-eabi/14.3 rel1/bin/../lib/gcc/arm-none-eabi/14.3.1/../../../../arm-none-eabi/lib/thumb/v7e-m+fp/hard\libc_nano.a(libc_a-sbrkr.o)
                0x08007d98                _sbrk_r
 .text._write_r
                0x08007db8       0x24 C:/Program Files (x86)/Arm GNU Toolchain arm-none-eabi/14.3 rel1/bin/../lib/gcc/arm-none-eabi/14.3.1/../../../../arm-none-eabi/lib/thumb/v7e-m+fp/hard\libc_nano.a(libc_a-writer.o)
                0x08007db8                _write_r
 .text.__errno  0x08007ddc        0xc C:/Program Files (x86)/Arm GNU Toolchain arm-none-eabi/14.3 rel1/bin/../lib/gcc/arm-none-eabi/14.3.1/../../../../arm-none-eabi/lib/thumb/v7e-m+fp/hard\libc_nano.a(libc_a-errno.o)
                0x08007ddc                __errno
 .text.__libc_init_array
                0x08007de8       0x48 C:/Program Files (x86)/Arm GNU Toolchain arm-none-eabi/14.3 rel1/bin/../lib/gcc/arm-none-eabi/14.3.1/../../../../arm-none-eabi/lib/thumb/v7e-m+fp/hard\libc_nano.a(libc_a-init.o)
                0x08007de8                __libc_init_array
 .text.__retarget_lock_init_recursive
                0x08007e30        0x2 C:/Program Files (x86)/Arm GNU Toolchain arm-none-eabi/14.3 rel1/bin/../lib/gcc/arm-none-eabi/14.3.1/../../../../arm-none-eabi/lib/thumb/v7e-m+fp/hard\libc_nano.a(libc_a-lock.o)
                0x08007e30                __retarget_lock_init_recursive
 .text.__retarget_lock_acquire_recursive
                0x08007e32        0x2 C:/Program Files (x86)/Arm GNU Toolchain arm-none-eabi/14.3 rel1/bin/../lib/gcc/arm-none-eabi/14.3.1/../../../../arm-none-eabi/lib/thumb/v7e-m+fp/hard\libc_nano.a(libc_a-lock.o)
                0x08007e32                __retarget_lock_acquire_recursive
 .text.__retarget_lock_release_recursive
                0x08007e34        0x2 C:/Program Files (x86)/Arm GNU Toolchain arm-none-eabi/14.3 rel1/bin/../lib/gcc/arm-none-eabi/14.3.1/../../../../arm-none-eabi/lib/thumb/v7e-m+fp/hard\libc_nano.a(libc_a-lock.o)
                0x08007e34                __retarget_lock_release_recursive
 .text.memcpy   0x08007e36       0x1c C:/Program Files (x86)/Arm GNU Toolchain arm-none-eabi/14.3 rel1/bin/../lib/gcc/arm-none-eabi/14.3.1/../../../../arm-none-eabi/lib/thumb/v7e-m+fp/hard\libc_nano.a(libc_a-memcpy-stub.o)
                0x08007e36                memcpy
 *fill*         0x08007e52        0x2 
 .text._free_r  0x08007e54       0x94 C:/Program Files (x86)/Arm GNU Toolchain arm-none-eabi/14.3 rel1/bin/../lib/gcc/arm-none-eabi/14.3.1/../../../../arm-none-eabi/lib/thumb/v7e-m+fp/hard\libc_nano.a(libc_a-freer.o)
                0x08007e54                _free_r
 .text.__sfputc_r
                0x08007ee8       0x2e C:/Program Files (x86)/Arm GNU Toolchain arm-none-eabi/14.3 rel1/bin/../lib/gcc/arm-none-eabi/14.3.1/../../../../arm-none-eabi/lib/thumb/v7e-m+fp/hard\libc_nano.a(libc_a-nano-vfprintf.o)
 .text.__sfputs_r
                0x08007f16       0x24 C:/Program Files (x86)/Arm GNU Toolchain arm-none-eabi/14.3 rel1/bin/../lib/gcc/arm-none-eabi/14.3.1/../../../../arm-none-eabi/lib/thumb/v7e-m+fp/hard\libc_nano.a(libc_a-nano-vfprintf.o)
                0x08007f16                __sfputs_r
 *fill*         0x08007f3a        0x2 
 .text._vfprintf_r
                0x08007f3c      0x228 C:/Program Files (x86)/Arm GNU Toolchain arm-none-eabi/14.3 rel1/bin/../lib/gcc/arm-none-eabi/14.3.1/../../../../arm-none-eabi/lib/thumb/v7e-m+fp/hard\libc_nano.a(libc_a-nano-vfprintf.o)
                0x08007f3c                _vfprintf_r
                0x08007f3c                _vfiprintf_r
 .text._printf_common
                0x08008164       0xda C:/Program Files (x86)/Arm GNU Toolchain arm-none-eabi/14.3 rel1/bin/../lib/gcc/arm-none-eabi/14.3.1/../../../../arm-none-eabi/lib/thumb/v7e-m+fp/hard\libc_nano.a(libc_a-nano-vfprintf_i.o)
                0x08008164                _printf_common
 *fill*         0x0800823e        0x2 
 .text._printf_i
                0x08008240      0x24c C:/Program Files (x86)/Arm GNU Toolchain arm-none-eabi/14.3 rel1/bin/../lib/gcc/arm-none-eabi/14.3.1/../../../../arm-none-eabi/lib/thumb/v7e-m+fp/hard\libc_nano.a(libc_a-nano-vfprintf_i.o)
                0x08008240                _printf_i
 .text.__sflush_r
                0x0800848c      0x104 C:/Program Files (x86)/Arm GNU Toolchain arm-none-eabi/14.3 rel1/bin/../lib/gcc/arm-none-eabi/14.3.1/../../../../arm-none-eabi/lib/thumb/v7e-m+fp/hard\libc_nano.a(libc_a-fflush.o)
                0x0800848c                __sflush_r
 .text._fflush_r
                0x08008590       0x50 C:/Program Files (x86)/Arm GNU Toolchain arm-none-eabi/14.3 rel1/bin/../lib/gcc/arm-none-eabi/14.3.1/../../../../arm-none-eabi/lib/thumb/v7e-m+fp/hard\libc_nano.a(libc_a-fflush.o)
                0x08008590                _fflush_r
 .text.__swhatbuf_r
                0x080085e0       0x48 C:/Program Files (x86)/Arm GNU Toolchain arm-none-eabi/14.3 rel1/bin/../lib/gcc/arm-none-eabi/14.3.1/../../../../arm-none-eabi/lib/thumb/v7e-m+fp/hard\libc_nano.a(libc_a-makebuf.o)
                0x080085e0                __swhatbuf_r
 .text.__smakebuf_r
                0x08008628       0x72 C:/Program Files (x86)/Arm GNU Toolchain arm-none-eabi/14.3 rel1/bin/../lib/gcc/arm-none-eabi/14.3.1/../../../../arm-none-eabi/lib/thumb/v7e-m+fp/hard\libc_nano.a(libc_a-makebuf.o)
                0x08008628                __smakebuf_r
 *fill*         0x0800869a        0x2 
 .text._fstat_r
                0x0800869c       0x24 C:/Program Files (x86)/Arm GNU Toolchain arm-none-eabi/14.3 rel1/bin/../lib/gcc/arm-none-eabi/14.3.1/../../../../arm-none-eabi/lib/thumb/v7e-m+fp/hard\libc_nano.a(libc_a-fstatr.o)
                0x0800869c                _fstat_r
 .text._isatty_r
                0x080086c0       0x20 C:/Program Files (x86)/Arm GNU Toolchain arm-none-eabi/14.3 rel1/bin/../lib/gcc/arm-none-eabi/14.3.1/../../../../arm-none-eabi/lib/thumb/v7e-m+fp/hard\libc_nano.a(libc_a-isattyr.o)
                0x080086c0                _isatty_r
 .text.__udivmoddi4
                0x080086e0      0x2f8 C:/Program Files (x86)/Arm GNU Toolchain arm-none-eabi/14.3 rel1/bin/../lib/gcc/arm-none-eabi/14.3.1/thumb/v7e-m+fp/hard\libgcc.a(_udivmoddi4.o)
                0x080086e0                __udivmoddi4
 *(.glue_7)
 .glue_7        0x080089d8        0x0 linker stubs
 *(.glue_7t)
 .glue_7t       0x080089d8        0x0 linker stubs
 *(.eh_frame)
 .eh_frame      0x080089d8        0x0 C:/Program Files (x86)/Arm GNU Toolchain arm-none-eabi/14.3 rel1/bin/../lib/gcc/arm-none-eabi/14.3.1/thumb/v7e-m+fp/hard/crtbegin.o
 *(.init)
 .init          0x080089d8        0x4 C:/Program Files (x86)/Arm GNU Toolchain arm-none-eabi/14.3 rel1/bin/../lib/gcc/arm-none-eabi/14.3.1/thumb/v7e-m+fp/hard/crti.o
                0x080089d8                _init
 .init          0x080089dc        0x8 C:/Program Files (x86)/Arm GNU Toolchain arm-none-eabi/14.3 rel1/bin/../lib/gcc/arm-none-eabi/14.3.1/thumb/v7e-m+fp/hard/crtn.o
 *(.fini)
 .fini          0x080089e4        0x4 C:/Program Files (x86)/Arm GNU Toolchain arm-none-eabi/14.3 rel1/bin/../lib/gcc/arm-none-eabi/14.3.1/thumb/v7e-m+fp/hard/crti.o
                0x080089e4                _fini
 .fini          0x080089e8        0x8 C:/Program Files (x86)/Arm GNU Toolchain arm-none-eabi/14.3 rel1/bin/../lib/gcc/arm-none-eabi/14.3.1/thumb/v7e-m+fp/hard/crtn.o
                0x080089f0                        . = ALIGN (0x4)
                0x080089f0                        _etext = .

.vfp11_veneer   0x080089f0        0x0
 .vfp11_veneer  0x080089f0        0x0 linker stubs

.v4_bx          0x080089f0        0x0
 .v4_bx         0x080089f0        0x0 linker stubs

.iplt           0x080089f0        0x0
 .iplt          0x080089f0        0x0 C:/Program Files (x86)/Arm GNU Toolchain arm-none-eabi/14.3 rel1/bin/../lib/gcc/arm-none-eabi/14.3.1/thumb/v7e-m+fp/hard/crtbegin.o

.rodata         0x080089f0      0x448
                0x080089f0                        . = ALIGN (0x4)
 *(.rodata)
 .rodata        0x080089f0      0x253 build/main.o
 *fill*         0x08008c43        0x1 
 .rodata        0x08008c44       0x2c build/stm32wbxx_hal_rcc.o
 .rodata        0x08008c70        0x5 build/tasks.o
 *fill*         0x08008c75        0x3 
 .rodata        0x08008c78        0xd build/timers.o
 *(.rodata*)
 *fill*         0x08008c85        0x3 
 .rodata.defaultTask_attributes
                0x08008c88       0x24 build/main.o
                0x08008c88                defaultTask_attributes
 .rodata.myMutex01_attributes
                0x08008cac       0x10 build/main.o
                0x08008cac                myMutex01_attributes
 .rodata.MutexA_attributes
                0x08008cbc       0x10 build/main.o
                0x08008cbc                MutexA_attributes
 .rodata.MutexB_attributes
                0x08008ccc       0x10 build/main.o
                0x08008ccc                MutexB_attributes
 .rodata.task1_attributes
                0x08008cdc       0x24 build/main.o
                0x08008cdc                task1_attributes
 .rodata.task2_attributes
                0x08008d00       0x24 build/main.o
                0x08008d00                task2_attributes
 .rodata.GPIO_PIN
                0x08008d24        0x6 build/stm32wbxx_nucleo.o
                0x08008d24                GPIO_PIN
 *fill*         0x08008d2a        0x2 
 .rodata.BUTTON_PIN
                0x08008d2c        0x6 build/stm32wbxx_nucleo.o
                0x08008d2c                BUTTON_PIN
 *fill*         0x08008d32        0x2 
 .rodata.BUTTON_IRQn
                0x08008d34        0x3 build/stm32wbxx_nucleo.o
                0x08008d34                BUTTON_IRQn
 *fill*         0x08008d37        0x1 
 .rodata.UARTPrescTable
                0x08008d38       0x18 build/stm32wbxx_hal_uart.o
                0x08008d38                UARTPrescTable
 .rodata.numerator.1
                0x08008d50        0x8 build/stm32wbxx_hal_uart_ex.o
 .rodata.denominator.0
                0x08008d58        0x8 build/stm32wbxx_hal_uart_ex.o
 .rodata.AHBPrescTable
                0x08008d60       0x40 build/system_stm32wbxx.o
                0x08008d60                AHBPrescTable
 .rodata.APBPrescTable
                0x08008da0       0x20 build/system_stm32wbxx.o
                0x08008da0                APBPrescTable
 .rodata.MSIRangeTable
                0x08008dc0       0x40 build/system_stm32wbxx.o
                0x08008dc0                MSIRangeTable
 .rodata.uxTopUsedPriority
                0x08008e00        0x4 build/tasks.o
                0x08008e00                uxTopUsedPriority
 .rodata._vfprintf_r.str1.1
                0x08008e04       0x33 C:/Program Files (x86)/Arm GNU Toolchain arm-none-eabi/14.3 rel1/bin/../lib/gcc/arm-none-eabi/14.3.1/../../../../arm-none-eabi/lib/thumb/v7e-m+fp/hard\libc_nano.a(libc_a-nano-vfprintf.o)
                                 0x11 (size before relaxing)
 .rodata._printf_i.str1.1
                0x08008e37       0x22 C:/Program Files (x86)/Arm GNU Toolchain arm-none-eabi/14.3 rel1/bin/../lib/gcc/arm-none-eabi/14.3.1/../../../../arm-none-eabi/lib/thumb/v7e-m+fp/hard\libc_nano.a(libc_a-nano-vfprintf_i.o)
                0x08008e5c                        . = ALIGN (0x4)
 *fill*         0x08008e37        0x1 

.ARM.extab
 *(.ARM.extab* .gnu.linkonce.armextab.*)

.ARM            0x08008e38        0x8
                0x08008e38                        __exidx_start = .
 *(.ARM.exidx*)
 .ARM.exidx     0x08008e38        0x8 C:/Program Files (x86)/Arm GNU Toolchain arm-none-eabi/14.3 rel1/bin/../lib/gcc/arm-none-eabi/14.3.1/../../../../arm-none-eabi/lib/thumb/v7e-m+fp/hard\libc_nano.a(libc_a-memchr.o)
 .ARM.exidx.text.__udivmoddi4
                0x08008e40        0x0 C:/Program Files (x86)/Arm GNU Toolchain arm-none-eabi/14.3 rel1/bin/../lib/gcc/arm-none-eabi/14.3.1/thumb/v7e-m+fp/hard\libgcc.a(_udivmoddi4.o)
                                  0x8 (size before relaxing)
                0x08008e40                        __exidx_end = .

.preinit_array  0x08008e40        0x0
                0x08008e40                        PROVIDE (__preinit_array_start = .)
 *(.preinit_array*)
                0x08008e40                        PROVIDE (__preinit_array_end = .)

.init_array     0x08008e40        0x4
                0x08008e40                        PROVIDE (__init_array_start = .)
 *(SORT_BY_NAME(.init_array.*))
 *(.init_array*)
 .init_array    0x08008e40        0x4 C:/Program Files (x86)/Arm GNU Toolchain arm-none-eabi/14.3 rel1/bin/../lib/gcc/arm-none-eabi/14.3.1/thumb/v7e-m+fp/hard/crtbegin.o
                0x08008e44                        PROVIDE (__init_array_end = .)

.fini_array     0x08008e44        0x4
                [!provide]                        PROVIDE (__fini_array_start = .)
 *(SORT_BY_NAME(.fini_array.*))
 *(.fini_array*)
 .fini_array    0x08008e44        0x4 C:/Program Files (x86)/Arm GNU Toolchain arm-none-eabi/14.3 rel1/bin/../lib/gcc/arm-none-eabi/14.3.1/thumb/v7e-m+fp/hard/crtbegin.o
                [!provide]                        PROVIDE (__fini_array_end = .)
                0x08008e48                        _sidata = LOADADDR (.data)

.rel.dyn        0x08008e48        0x0
 .rel.iplt      0x08008e48        0x0 C:/Program Files (x86)/Arm GNU Toolchain arm-none-eabi/14.3 rel1/bin/../lib/gcc/arm-none-eabi/14.3.1/thumb/v7e-m+fp/hard/crtbegin.o

.data           0x20000008       0x88 load address 0x08008e48
                0x20000008                        . = ALIGN (0x4)
                0x20000008                        _sdata = .
 *(.data)
 *(.data*)
 .data.static_var.1
                0x20000008        0x4 build/main.o
 .data.GPIO_PORT
                0x2000000c        0xc build/stm32wbxx_nucleo.o
                0x2000000c                GPIO_PORT
 .data.BUTTON_PORT
                0x20000018        0xc build/stm32wbxx_nucleo.o
                0x20000018                BUTTON_PORT
 .data.uwTickPrio
                0x20000024        0x4 build/stm32wbxx_hal.o
                0x20000024                uwTickPrio
 .data.uwTickFreq
                0x20000028        0x1 build/stm32wbxx_hal.o
                0x20000028                uwTickFreq
 *fill*         0x20000029        0x3 
 .data.SystemCoreClock
                0x2000002c        0x4 build/system_stm32wbxx.o
                0x2000002c                SystemCoreClock
 .data.uxCriticalNesting
                0x20000030        0x4 build/port.o
 .data.__sglue  0x20000034        0xc C:/Program Files (x86)/Arm GNU Toolchain arm-none-eabi/14.3 rel1/bin/../lib/gcc/arm-none-eabi/14.3.1/../../../../arm-none-eabi/lib/thumb/v7e-m+fp/hard\libc_nano.a(libc_a-findfp.o)
                0x20000034                __sglue
 .data._impure_ptr
                0x20000040        0x4 C:/Program Files (x86)/Arm GNU Toolchain arm-none-eabi/14.3 rel1/bin/../lib/gcc/arm-none-eabi/14.3.1/../../../../arm-none-eabi/lib/thumb/v7e-m+fp/hard\libc_nano.a(libc_a-impure.o)
                0x20000040                _impure_ptr
 .data._impure_data
                0x20000044       0x4c C:/Program Files (x86)/Arm GNU Toolchain arm-none-eabi/14.3 rel1/bin/../lib/gcc/arm-none-eabi/14.3.1/../../../../arm-none-eabi/lib/thumb/v7e-m+fp/hard\libc_nano.a(libc_a-impure.o)
                0x20000044                _impure_data
                0x20000090                        . = ALIGN (0x4)

.tm_clone_table
                0x20000090        0x0 load address 0x08008ed0
 .tm_clone_table
                0x20000090        0x0 C:/Program Files (x86)/Arm GNU Toolchain arm-none-eabi/14.3 rel1/bin/../lib/gcc/arm-none-eabi/14.3.1/thumb/v7e-m+fp/hard/crtbegin.o
 .tm_clone_table
                0x20000090        0x0 C:/Program Files (x86)/Arm GNU Toolchain arm-none-eabi/14.3 rel1/bin/../lib/gcc/arm-none-eabi/14.3.1/thumb/v7e-m+fp/hard/crtend.o

.igot.plt       0x20000090        0x0 load address 0x08008ed0
 .igot.plt      0x20000090        0x0 C:/Program Files (x86)/Arm GNU Toolchain arm-none-eabi/14.3 rel1/bin/../lib/gcc/arm-none-eabi/14.3.1/thumb/v7e-m+fp/hard/crtbegin.o

.tdata          0x20000090        0x0 load address 0x08008ed0
 *(.tdata .tdata.* .gnu.linkonce.td.*)
                0x20000090                        . = ALIGN (0x4)
                0x20000090                        _edata = .
                [!provide]                        PROVIDE (__data_end = .)
                [!provide]                        PROVIDE (__tdata_end = .)
                [!provide]                        PROVIDE (__tdata_start = ADDR (.tdata))
                [!provide]                        PROVIDE (__tdata_size = (__tdata_end - __tdata_start))
                [!provide]                        PROVIDE (__data_start = ADDR (.data))
                [!provide]                        PROVIDE (__data_size = (__data_end - __data_start))
                [!provide]                        PROVIDE (__tdata_source = LOADADDR (.tdata))
                [!provide]                        PROVIDE (__tdata_source_end = (LOADADDR (.tdata) + SIZEOF (.tdata)))
                [!provide]                        PROVIDE (__tdata_source_size = (__tdata_source_end - __tdata_source))
                [!provide]                        PROVIDE (__data_source = LOADADDR (.data))
                [!provide]                        PROVIDE (__data_source_end = __tdata_source_end)
                [!provide]                        PROVIDE (__data_source_size = (__data_source_end - __data_source))

.tbss           0x20000090        0x0 load address 0x08008ed0
                0x20000090                        _sbss = .
                0x20000090                        __bss_start__ = _sbss
 *(.tbss .tbss.*)
                0x20000090                        . = ALIGN (0x4)
                [!provide]                        PROVIDE (__tbss_end = .)
                [!provide]                        PROVIDE (__tbss_start = ADDR (.tbss))
                [!provide]                        PROVIDE (__tbss_size = (__tbss_end - __tbss_start))
                [!provide]                        PROVIDE (__tbss_offset = (ADDR (.tbss) - ADDR (.tdata)))
                [!provide]                        PROVIDE (__tls_base = __tdata_start)
                [!provide]                        PROVIDE (__tls_end = __tbss_end)
                [!provide]                        PROVIDE (__tls_size = (__tls_end - __tls_base))
                [!provide]                        PROVIDE (__tls_align = MAX (ALIGNOF (.tdata), ALIGNOF (.tbss)))
                [!provide]                        PROVIDE (__tls_size_align = (((__tls_size + __tls_align) - 0x1) & ~ ((__tls_align - 0x1))))
                [!provide]                        PROVIDE (__arm32_tls_tcb_offset = MAX (0x8, __tls_align))
                [!provide]                        PROVIDE (__arm64_tls_tcb_offset = MAX (0x10, __tls_align))

.bss            0x20000090     0x1bc0 load address 0x08008ed0
 *(.bss)
 *(.bss*)
 .bss.completed.1
                0x20000090        0x1 C:/Program Files (x86)/Arm GNU Toolchain arm-none-eabi/14.3 rel1/bin/../lib/gcc/arm-none-eabi/14.3.1/thumb/v7e-m+fp/hard/crtbegin.o
 *fill*         0x20000091        0x3 
 .bss.object.0  0x20000094       0x18 C:/Program Files (x86)/Arm GNU Toolchain arm-none-eabi/14.3 rel1/bin/../lib/gcc/arm-none-eabi/14.3.1/thumb/v7e-m+fp/hard/crtbegin.o
 .bss.huart1    0x200000ac       0x94 build/main.o
                0x200000ac                huart1
 .bss.defaultTaskHandle
                0x20000140        0x4 build/main.o
                0x20000140                defaultTaskHandle
 .bss.button_pressed
                0x20000144        0x1 build/main.o
                0x20000144                button_pressed
 *fill*         0x20000145        0x3 
 .bss.myMutex01Handle
                0x20000148        0x4 build/main.o
                0x20000148                myMutex01Handle
 .bss.MutexAHandle
                0x2000014c        0x4 build/main.o
                0x2000014c                MutexAHandle
 .bss.MutexBHandle
                0x20000150        0x4 build/main.o
                0x20000150                MutexBHandle
 .bss.Task1Handle
                0x20000154        0x4 build/main.o
                0x20000154                Task1Handle
 .bss.Task2Handle
                0x20000158        0x4 build/main.o
                0x20000158                Task2Handle
 .bss.shared_counter
                0x2000015c        0x4 build/main.o
                0x2000015c                shared_counter
 .bss.static_bss.0
                0x20000160        0x4 build/main.o
 .bss.uwTick    0x20000164        0x4 build/stm32wbxx_hal.o
                0x20000164                uwTick
 .bss.__sbrk_heap_end
                0x20000168        0x4 build/sysmem.o
 .bss.htim16    0x2000016c       0x4c build/stm32wbxx_hal_timebase_tim.o
                0x2000016c                htim16
 .bss.xQueueRegistry
                0x200001b8       0x40 build/queue.o
                0x200001b8                xQueueRegistry
 .bss.pxCurrentTCB
                0x200001f8        0x4 build/tasks.o
                0x200001f8                pxCurrentTCB
 .bss.pxReadyTasksLists
                0x200001fc      0x460 build/tasks.o
 .bss.xDelayedTaskList1
                0x2000065c       0x14 build/tasks.o
 .bss.xDelayedTaskList2
                0x20000670       0x14 build/tasks.o
 .bss.pxDelayedTaskList
                0x20000684        0x4 build/tasks.o
 .bss.pxOverflowDelayedTaskList
                0x20000688        0x4 build/tasks.o
 .bss.xPendingReadyList
                0x2000068c       0x14 build/tasks.o
 .bss.xTasksWaitingTermination
                0x200006a0       0x14 build/tasks.o
 .bss.uxDeletedTasksWaitingCleanUp
                0x200006b4        0x4 build/tasks.o
 .bss.xSuspendedTaskList
                0x200006b8       0x14 build/tasks.o
 .bss.uxCurrentNumberOfTasks
                0x200006cc        0x4 build/tasks.o
 .bss.xTickCount
                0x200006d0        0x4 build/tasks.o
 .bss.uxTopReadyPriority
                0x200006d4        0x4 build/tasks.o
 .bss.xSchedulerRunning
                0x200006d8        0x4 build/tasks.o
 .bss.xPendedTicks
                0x200006dc        0x4 build/tasks.o
 .bss.xYieldPending
                0x200006e0        0x4 build/tasks.o
 .bss.xNumOfOverflows
                0x200006e4        0x4 build/tasks.o
 .bss.uxTaskNumber
                0x200006e8        0x4 build/tasks.o
 .bss.xNextTaskUnblockTime
                0x200006ec        0x4 build/tasks.o
 .bss.xIdleTaskHandle
                0x200006f0        0x4 build/tasks.o
 .bss.uxSchedulerSuspended
                0x200006f4        0x4 build/tasks.o
 .bss.xActiveTimerList1
                0x200006f8       0x14 build/timers.o
 .bss.xActiveTimerList2
                0x2000070c       0x14 build/timers.o
 .bss.pxCurrentTimerList
                0x20000720        0x4 build/timers.o
 .bss.pxOverflowTimerList
                0x20000724        0x4 build/timers.o
 .bss.xTimerQueue
                0x20000728        0x4 build/timers.o
 .bss.xTimerTaskHandle
                0x2000072c        0x4 build/timers.o
 .bss.xLastTime.2
                0x20000730        0x4 build/timers.o
 .bss.ucStaticTimerQueueStorage.1
                0x20000734       0xa0 build/timers.o
 .bss.xStaticTimerQueue.0
                0x200007d4       0x50 build/timers.o
 .bss.KernelState
                0x20000824        0x4 build/cmsis_os2.o
 .bss.Idle_TCB.3
                0x20000828       0x5c build/cmsis_os2.o
 .bss.Idle_Stack.2
                0x20000884      0x200 build/cmsis_os2.o
 .bss.Timer_TCB.1
                0x20000a84       0x5c build/cmsis_os2.o
 .bss.Timer_Stack.0
                0x20000ae0      0x400 build/cmsis_os2.o
 .bss.ucHeap    0x20000ee0      0xc00 build/heap_4.o
 .bss.xStart    0x20001ae0        0x8 build/heap_4.o
 .bss.pxEnd     0x20001ae8        0x4 build/heap_4.o
 .bss.xFreeBytesRemaining
                0x20001aec        0x4 build/heap_4.o
 .bss.xMinimumEverFreeBytesRemaining
                0x20001af0        0x4 build/heap_4.o
 .bss.xNumberOfSuccessfulAllocations
                0x20001af4        0x4 build/heap_4.o
 .bss.xNumberOfSuccessfulFrees
                0x20001af8        0x4 build/heap_4.o
 .bss.ucMaxSysCallPriority
                0x20001afc        0x1 build/port.o
 *fill*         0x20001afd        0x3 
 .bss.ulMaxPRIGROUPValue
                0x20001b00        0x4 build/port.o
 .bss.__malloc_sbrk_start
                0x20001b04        0x4 C:/Program Files (x86)/Arm GNU Toolchain arm-none-eabi/14.3 rel1/bin/../lib/gcc/arm-none-eabi/14.3.1/../../../../arm-none-eabi/lib/thumb/v7e-m+fp/hard\libc_nano.a(libc_a-mallocr.o)
                0x20001b04                __malloc_sbrk_start
 .bss.__malloc_free_list
                0x20001b08        0x4 C:/Program Files (x86)/Arm GNU Toolchain arm-none-eabi/14.3 rel1/bin/../lib/gcc/arm-none-eabi/14.3.1/../../../../arm-none-eabi/lib/thumb/v7e-m+fp/hard\libc_nano.a(libc_a-mallocr.o)
                0x20001b08                __malloc_free_list
 .bss.__sf      0x20001b0c      0x138 C:/Program Files (x86)/Arm GNU Toolchain arm-none-eabi/14.3 rel1/bin/../lib/gcc/arm-none-eabi/14.3.1/../../../../arm-none-eabi/lib/thumb/v7e-m+fp/hard\libc_nano.a(libc_a-findfp.o)
                0x20001b0c                __sf
 .bss.__stdio_exit_handler
                0x20001c44        0x4 C:/Program Files (x86)/Arm GNU Toolchain arm-none-eabi/14.3 rel1/bin/../lib/gcc/arm-none-eabi/14.3.1/../../../../arm-none-eabi/lib/thumb/v7e-m+fp/hard\libc_nano.a(libc_a-findfp.o)
                0x20001c44                __stdio_exit_handler
 .bss.errno     0x20001c48        0x4 C:/Program Files (x86)/Arm GNU Toolchain arm-none-eabi/14.3 rel1/bin/../lib/gcc/arm-none-eabi/14.3.1/../../../../arm-none-eabi/lib/thumb/v7e-m+fp/hard\libc_nano.a(libc_a-reent.o)
                0x20001c48                errno
 .bss.__lock___malloc_recursive_mutex
                0x20001c4c        0x1 C:/Program Files (x86)/Arm GNU Toolchain arm-none-eabi/14.3 rel1/bin/../lib/gcc/arm-none-eabi/14.3.1/../../../../arm-none-eabi/lib/thumb/v7e-m+fp/hard\libc_nano.a(libc_a-lock.o)
                0x20001c4c                __lock___malloc_recursive_mutex
 .bss.__lock___sfp_recursive_mutex
                0x20001c4d        0x1 C:/Program Files (x86)/Arm GNU Toolchain arm-none-eabi/14.3 rel1/bin/../lib/gcc/arm-none-eabi/14.3.1/../../../../arm-none-eabi/lib/thumb/v7e-m+fp/hard\libc_nano.a(libc_a-lock.o)
                0x20001c4d                __lock___sfp_recursive_mutex
 *(COMMON)
                0x20001c50                        . = ALIGN (0x4)
 *fill*         0x20001c4e        0x2 
                0x20001c50                        _ebss = .
                0x20001c50                        __bss_end__ = _ebss
                [!provide]                        PROVIDE (__bss_end = .)
                [!provide]                        PROVIDE (__non_tls_bss_start = ADDR (.bss))
                [!provide]                        PROVIDE (__bss_start = __tbss_start)
                [!provide]                        PROVIDE (__bss_size = (__bss_end - __bss_start))

._user_heap_stack
                0x20001c50      0x600 load address 0x08008ed0
                0x20001c50                        . = ALIGN (0x8)
                [!provide]                        PROVIDE (end = .)
                0x20001c50                        PROVIDE (_end = .)
                0x20001e50                        . = (. + _Min_Heap_Size)
 *fill*         0x20001c50      0x200 
                0x20002250                        . = (. + _Min_Stack_Size)
 *fill*         0x20001e50      0x400 
                0x20002250                        . = ALIGN (0x8)

/DISCARD/
 libc.a:*(*)
 libm.a:*(*)
 libgcc.a:*(*)

.ARM.attributes
                0x00000000       0x30
 *(.ARM.attributes)
 .ARM.attributes
                0x00000000       0x22 C:/Program Files (x86)/Arm GNU Toolchain arm-none-eabi/14.3 rel1/bin/../lib/gcc/arm-none-eabi/14.3.1/thumb/v7e-m+fp/hard/crti.o
 .ARM.attributes
                0x00000022       0x34 C:/Program Files (x86)/Arm GNU Toolchain arm-none-eabi/14.3 rel1/bin/../lib/gcc/arm-none-eabi/14.3.1/thumb/v7e-m+fp/hard/crtbegin.o
 .ARM.attributes
                0x00000056       0x34 build/main.o
 .ARM.attributes
                0x0000008a       0x34 build/stm32wbxx_it.o
 .ARM.attributes
                0x000000be       0x34 build/stm32wbxx_hal_msp.o
 .ARM.attributes
                0x000000f2       0x34 build/stm32wbxx_nucleo.o
 .ARM.attributes
                0x00000126       0x34 build/stm32wbxx_hal_rcc.o
 .ARM.attributes
                0x0000015a       0x34 build/stm32wbxx_hal_rcc_ex.o
 .ARM.attributes
                0x0000018e       0x34 build/stm32wbxx_hal_gpio.o
 .ARM.attributes
                0x000001c2       0x34 build/stm32wbxx_hal_pwr.o
 .ARM.attributes
                0x000001f6       0x34 build/stm32wbxx_hal_pwr_ex.o
 .ARM.attributes
                0x0000022a       0x34 build/stm32wbxx_hal_cortex.o
 .ARM.attributes
                0x0000025e       0x34 build/stm32wbxx_hal.o
 .ARM.attributes
                0x00000292       0x34 build/stm32wbxx_hal_uart.o
 .ARM.attributes
                0x000002c6       0x34 build/stm32wbxx_hal_uart_ex.o
 .ARM.attributes
                0x000002fa       0x34 build/system_stm32wbxx.o
 .ARM.attributes
                0x0000032e       0x34 build/sysmem.o
 .ARM.attributes
                0x00000362       0x34 build/syscalls.o
 .ARM.attributes
                0x00000396       0x34 build/stm32wbxx_hal_timebase_tim.o
 .ARM.attributes
                0x000003ca       0x34 build/stm32wbxx_hal_tim.o
 .ARM.attributes
                0x000003fe       0x34 build/stm32wbxx_hal_tim_ex.o
 .ARM.attributes
                0x00000432       0x34 build/list.o
 .ARM.attributes
                0x00000466       0x34 build/queue.o
 .ARM.attributes
                0x0000049a       0x34 build/tasks.o
 .ARM.attributes
                0x000004ce       0x34 build/timers.o
 .ARM.attributes
                0x00000502       0x34 build/cmsis_os2.o
 .ARM.attributes
                0x00000536       0x34 build/heap_4.o
 .ARM.attributes
                0x0000056a       0x34 build/port.o
 .ARM.attributes
                0x0000059e       0x21 build/startup_stm32wb55xx_cm4.o
 .ARM.attributes
                0x000005bf       0x34 C:/Program Files (x86)/Arm GNU Toolchain arm-none-eabi/14.3 rel1/bin/../lib/gcc/arm-none-eabi/14.3.1/../../../../arm-none-eabi/lib/thumb/v7e-m+fp/hard\libc_nano.a(libc_a-malloc.o)
 .ARM.attributes
                0x000005f3       0x34 C:/Program Files (x86)/Arm GNU Toolchain arm-none-eabi/14.3 rel1/bin/../lib/gcc/arm-none-eabi/14.3.1/../../../../arm-none-eabi/lib/thumb/v7e-m+fp/hard\libc_nano.a(libc_a-mallocr.o)
 .ARM.attributes
                0x00000627       0x34 C:/Program Files (x86)/Arm GNU Toolchain arm-none-eabi/14.3 rel1/bin/../lib/gcc/arm-none-eabi/14.3.1/../../../../arm-none-eabi/lib/thumb/v7e-m+fp/hard\libc_nano.a(libc_a-mlock.o)
 .ARM.attributes
                0x0000065b       0x34 C:/Program Files (x86)/Arm GNU Toolchain arm-none-eabi/14.3 rel1/bin/../lib/gcc/arm-none-eabi/14.3.1/../../../../arm-none-eabi/lib/thumb/v7e-m+fp/hard\libc_nano.a(libc_a-findfp.o)
 .ARM.attributes
                0x0000068f       0x34 C:/Program Files (x86)/Arm GNU Toolchain arm-none-eabi/14.3 rel1/bin/../lib/gcc/arm-none-eabi/14.3.1/../../../../arm-none-eabi/lib/thumb/v7e-m+fp/hard\libc_nano.a(libc_a-fwalk.o)
 .ARM.attributes
                0x000006c3       0x34 C:/Program Files (x86)/Arm GNU Toolchain arm-none-eabi/14.3 rel1/bin/../lib/gcc/arm-none-eabi/14.3.1/../../../../arm-none-eabi/lib/thumb/v7e-m+fp/hard\libc_nano.a(libc_a-printf.o)
 .ARM.attributes
                0x000006f7       0x34 C:/Program Files (x86)/Arm GNU Toolchain arm-none-eabi/14.3 rel1/bin/../lib/gcc/arm-none-eabi/14.3.1/../../../../arm-none-eabi/lib/thumb/v7e-m+fp/hard\libc_nano.a(libc_a-puts.o)
 .ARM.attributes
                0x0000072b       0x34 C:/Program Files (x86)/Arm GNU Toolchain arm-none-eabi/14.3 rel1/bin/../lib/gcc/arm-none-eabi/14.3.1/../../../../arm-none-eabi/lib/thumb/v7e-m+fp/hard\libc_nano.a(libc_a-stdio.o)
 .ARM.attributes
                0x0000075f       0x34 C:/Program Files (x86)/Arm GNU Toolchain arm-none-eabi/14.3 rel1/bin/../lib/gcc/arm-none-eabi/14.3.1/../../../../arm-none-eabi/lib/thumb/v7e-m+fp/hard\libc_nano.a(libc_a-wbuf.o)
 .ARM.attributes
                0x00000793       0x34 C:/Program Files (x86)/Arm GNU Toolchain arm-none-eabi/14.3 rel1/bin/../lib/gcc/arm-none-eabi/14.3.1/../../../../arm-none-eabi/lib/thumb/v7e-m+fp/hard\libc_nano.a(libc_a-wsetup.o)
 .ARM.attributes
                0x000007c7       0x34 C:/Program Files (x86)/Arm GNU Toolchain arm-none-eabi/14.3 rel1/bin/../lib/gcc/arm-none-eabi/14.3.1/../../../../arm-none-eabi/lib/thumb/v7e-m+fp/hard\libc_nano.a(libc_a-memset.o)
 .ARM.attributes
                0x000007fb       0x34 C:/Program Files (x86)/Arm GNU Toolchain arm-none-eabi/14.3 rel1/bin/../lib/gcc/arm-none-eabi/14.3.1/../../../../arm-none-eabi/lib/thumb/v7e-m+fp/hard\libc_nano.a(libc_a-closer.o)
 .ARM.attributes
                0x0000082f       0x34 C:/Program Files (x86)/Arm GNU Toolchain arm-none-eabi/14.3 rel1/bin/../lib/gcc/arm-none-eabi/14.3.1/../../../../arm-none-eabi/lib/thumb/v7e-m+fp/hard\libc_nano.a(libc_a-reent.o)
 .ARM.attributes
                0x00000863       0x34 C:/Program Files (x86)/Arm GNU Toolchain arm-none-eabi/14.3 rel1/bin/../lib/gcc/arm-none-eabi/14.3.1/../../../../arm-none-eabi/lib/thumb/v7e-m+fp/hard\libc_nano.a(libc_a-impure.o)
 .ARM.attributes
                0x00000897       0x34 C:/Program Files (x86)/Arm GNU Toolchain arm-none-eabi/14.3 rel1/bin/../lib/gcc/arm-none-eabi/14.3.1/../../../../arm-none-eabi/lib/thumb/v7e-m+fp/hard\libc_nano.a(libc_a-lseekr.o)
 .ARM.attributes
                0x000008cb       0x34 C:/Program Files (x86)/Arm GNU Toolchain arm-none-eabi/14.3 rel1/bin/../lib/gcc/arm-none-eabi/14.3.1/../../../../arm-none-eabi/lib/thumb/v7e-m+fp/hard\libc_nano.a(libc_a-readr.o)
 .ARM.attributes
                0x000008ff       0x34 C:/Program Files (x86)/Arm GNU Toolchain arm-none-eabi/14.3 rel1/bin/../lib/gcc/arm-none-eabi/14.3.1/../../../../arm-none-eabi/lib/thumb/v7e-m+fp/hard\libc_nano.a(libc_a-sbrkr.o)
 .ARM.attributes
                0x00000933       0x34 C:/Program Files (x86)/Arm GNU Toolchain arm-none-eabi/14.3 rel1/bin/../lib/gcc/arm-none-eabi/14.3.1/../../../../arm-none-eabi/lib/thumb/v7e-m+fp/hard\libc_nano.a(libc_a-writer.o)
 .ARM.attributes
                0x00000967       0x34 C:/Program Files (x86)/Arm GNU Toolchain arm-none-eabi/14.3 rel1/bin/../lib/gcc/arm-none-eabi/14.3.1/../../../../arm-none-eabi/lib/thumb/v7e-m+fp/hard\libc_nano.a(libc_a-errno.o)
 .ARM.attributes
                0x0000099b       0x34 C:/Program Files (x86)/Arm GNU Toolchain arm-none-eabi/14.3 rel1/bin/../lib/gcc/arm-none-eabi/14.3.1/../../../../arm-none-eabi/lib/thumb/v7e-m+fp/hard\libc_nano.a(libc_a-init.o)
 .ARM.attributes
                0x000009cf       0x34 C:/Program Files (x86)/Arm GNU Toolchain arm-none-eabi/14.3 rel1/bin/../lib/gcc/arm-none-eabi/14.3.1/../../../../arm-none-eabi/lib/thumb/v7e-m+fp/hard\libc_nano.a(libc_a-lock.o)
 .ARM.attributes
                0x00000a03       0x34 C:/Program Files (x86)/Arm GNU Toolchain arm-none-eabi/14.3 rel1/bin/../lib/gcc/arm-none-eabi/14.3.1/../../../../arm-none-eabi/lib/thumb/v7e-m+fp/hard\libc_nano.a(libc_a-memcpy-stub.o)
 .ARM.attributes
                0x00000a37       0x34 C:/Program Files (x86)/Arm GNU Toolchain arm-none-eabi/14.3 rel1/bin/../lib/gcc/arm-none-eabi/14.3.1/../../../../arm-none-eabi/lib/thumb/v7e-m+fp/hard\libc_nano.a(libc_a-freer.o)
 .ARM.attributes
                0x00000a6b       0x34 C:/Program Files (x86)/Arm GNU Toolchain arm-none-eabi/14.3 rel1/bin/../lib/gcc/arm-none-eabi/14.3.1/../../../../arm-none-eabi/lib/thumb/v7e-m+fp/hard\libc_nano.a(libc_a-nano-vfprintf.o)
 .ARM.attributes
                0x00000a9f       0x34 C:/Program Files (x86)/Arm GNU Toolchain arm-none-eabi/14.3 rel1/bin/../lib/gcc/arm-none-eabi/14.3.1/../../../../arm-none-eabi/lib/thumb/v7e-m+fp/hard\libc_nano.a(libc_a-nano-vfprintf_i.o)
 .ARM.attributes
                0x00000ad3       0x34 C:/Program Files (x86)/Arm GNU Toolchain arm-none-eabi/14.3 rel1/bin/../lib/gcc/arm-none-eabi/14.3.1/../../../../arm-none-eabi/lib/thumb/v7e-m+fp/hard\libc_nano.a(libc_a-fflush.o)
 .ARM.attributes
                0x00000b07       0x34 C:/Program Files (x86)/Arm GNU Toolchain arm-none-eabi/14.3 rel1/bin/../lib/gcc/arm-none-eabi/14.3.1/../../../../arm-none-eabi/lib/thumb/v7e-m+fp/hard\libc_nano.a(libc_a-makebuf.o)
 .ARM.attributes
                0x00000b3b       0x34 C:/Program Files (x86)/Arm GNU Toolchain arm-none-eabi/14.3 rel1/bin/../lib/gcc/arm-none-eabi/14.3.1/../../../../arm-none-eabi/lib/thumb/v7e-m+fp/hard\libc_nano.a(libc_a-fstatr.o)
 .ARM.attributes
                0x00000b6f       0x34 C:/Program Files (x86)/Arm GNU Toolchain arm-none-eabi/14.3 rel1/bin/../lib/gcc/arm-none-eabi/14.3.1/../../../../arm-none-eabi/lib/thumb/v7e-m+fp/hard\libc_nano.a(libc_a-isattyr.o)
 .ARM.attributes
                0x00000ba3       0x1c C:/Program Files (x86)/Arm GNU Toolchain arm-none-eabi/14.3 rel1/bin/../lib/gcc/arm-none-eabi/14.3.1/../../../../arm-none-eabi/lib/thumb/v7e-m+fp/hard\libc_nano.a(libc_a-memchr.o)
 .ARM.attributes
                0x00000bbf       0x22 C:/Program Files (x86)/Arm GNU Toolchain arm-none-eabi/14.3 rel1/bin/../lib/gcc/arm-none-eabi/14.3.1/thumb/v7e-m+fp/hard\libgcc.a(_aeabi_uldivmod.o)
 .ARM.attributes
                0x00000be1       0x34 C:/Program Files (x86)/Arm GNU Toolchain arm-none-eabi/14.3 rel1/bin/../lib/gcc/arm-none-eabi/14.3.1/thumb/v7e-m+fp/hard\libgcc.a(_udivmoddi4.o)
 .ARM.attributes
                0x00000c15       0x22 C:/Program Files (x86)/Arm GNU Toolchain arm-none-eabi/14.3 rel1/bin/../lib/gcc/arm-none-eabi/14.3.1/thumb/v7e-m+fp/hard\libgcc.a(_dvmd_tls.o)
 .ARM.attributes
                0x00000c37       0x34 C:/Program Files (x86)/Arm GNU Toolchain arm-none-eabi/14.3 rel1/bin/../lib/gcc/arm-none-eabi/14.3.1/thumb/v7e-m+fp/hard/crtend.o
 .ARM.attributes
                0x00000c6b       0x22 C:/Program Files (x86)/Arm GNU Toolchain arm-none-eabi/14.3 rel1/bin/../lib/gcc/arm-none-eabi/14.3.1/thumb/v7e-m+fp/hard/crtn.o

MAPPING_TABLE
 *(MAPPING_TABLE)

MB_MEM1
 *(MB_MEM1)
                0x08008ed0                        _siMB_MEM2 = LOADADDR (.MB_MEM2)

.MB_MEM2        0x20030000        0x0 load address 0x08008ed0
                0x20030000                        _sMB_MEM2 = .
 *(MB_MEM2)
                0x20030000                        _eMB_MEM2 = .
OUTPUT(build/Test_STM32WB55_Board.elf elf32-littlearm)
LOAD linker stubs

.debug_info     0x00000000    0x2471f
 .debug_info    0x00000000     0x201b build/main.o
 .debug_info    0x0000201b      0xaa1 build/stm32wbxx_it.o
 .debug_info    0x00002abc     0x12f8 build/stm32wbxx_hal_msp.o
 .debug_info    0x00003db4      0xc32 build/stm32wbxx_nucleo.o
 .debug_info    0x000049e6     0x182d build/stm32wbxx_hal_rcc.o
 .debug_info    0x00006213     0x2080 build/stm32wbxx_hal_rcc_ex.o
 .debug_info    0x00008293      0x7f7 build/stm32wbxx_hal_gpio.o
 .debug_info    0x00008a8a      0xa4e build/stm32wbxx_hal_pwr.o
 .debug_info    0x000094d8     0x12f6 build/stm32wbxx_hal_pwr_ex.o
 .debug_info    0x0000a7ce      0xea3 build/stm32wbxx_hal_cortex.o
 .debug_info    0x0000b671     0x15d0 build/stm32wbxx_hal.o
 .debug_info    0x0000cc41     0x4f50 build/stm32wbxx_hal_uart.o
 .debug_info    0x00011b91     0x11d2 build/stm32wbxx_hal_uart_ex.o
 .debug_info    0x00012d63      0x7ff build/system_stm32wbxx.o
 .debug_info    0x00013562      0x17f build/sysmem.o
 .debug_info    0x000136e1      0x778 build/syscalls.o
 .debug_info    0x00013e59     0x107c build/stm32wbxx_hal_timebase_tim.o
 .debug_info    0x00014ed5     0x31a8 build/stm32wbxx_hal_tim.o
 .debug_info    0x0001807d     0x1be1 build/stm32wbxx_hal_tim_ex.o
 .debug_info    0x00019c5e      0x300 build/list.o
 .debug_info    0x00019f5e     0x2002 build/queue.o
 .debug_info    0x0001bf60     0x2b56 build/tasks.o
 .debug_info    0x0001eab6     0x1720 build/timers.o
 .debug_info    0x000201d6     0x39fc build/cmsis_os2.o
 .debug_info    0x00023bd2      0x5a3 build/heap_4.o
 .debug_info    0x00024175      0x57a build/port.o
 .debug_info    0x000246ef       0x30 build/startup_stm32wb55xx_cm4.o

.debug_abbrev   0x00000000     0x41a5
 .debug_abbrev  0x00000000      0x34b build/main.o
 .debug_abbrev  0x0000034b      0x18c build/stm32wbxx_it.o
 .debug_abbrev  0x000004d7      0x21c build/stm32wbxx_hal_msp.o
 .debug_abbrev  0x000006f3      0x22e build/stm32wbxx_nucleo.o
 .debug_abbrev  0x00000921      0x2ff build/stm32wbxx_hal_rcc.o
 .debug_abbrev  0x00000c20      0x338 build/stm32wbxx_hal_rcc_ex.o
 .debug_abbrev  0x00000f58      0x1c7 build/stm32wbxx_hal_gpio.o
 .debug_abbrev  0x0000111f      0x1fa build/stm32wbxx_hal_pwr.o
 .debug_abbrev  0x00001319      0x313 build/stm32wbxx_hal_pwr_ex.o
 .debug_abbrev  0x0000162c      0x2ea build/stm32wbxx_hal_cortex.o
 .debug_abbrev  0x00001916      0x344 build/stm32wbxx_hal.o
 .debug_abbrev  0x00001c5a      0x31a build/stm32wbxx_hal_uart.o
 .debug_abbrev  0x00001f74      0x2bc build/stm32wbxx_hal_uart_ex.o
 .debug_abbrev  0x00002230      0x124 build/system_stm32wbxx.o
 .debug_abbrev  0x00002354       0xba build/sysmem.o
 .debug_abbrev  0x0000240e      0x1b9 build/syscalls.o
 .debug_abbrev  0x000025c7      0x227 build/stm32wbxx_hal_timebase_tim.o
 .debug_abbrev  0x000027ee      0x263 build/stm32wbxx_hal_tim.o
 .debug_abbrev  0x00002a51      0x280 build/stm32wbxx_hal_tim_ex.o
 .debug_abbrev  0x00002cd1       0xf1 build/list.o
 .debug_abbrev  0x00002dc2      0x371 build/queue.o
 .debug_abbrev  0x00003133      0x37a build/tasks.o
 .debug_abbrev  0x000034ad      0x332 build/timers.o
 .debug_abbrev  0x000037df      0x4ea build/cmsis_os2.o
 .debug_abbrev  0x00003cc9      0x24d build/heap_4.o
 .debug_abbrev  0x00003f16      0x272 build/port.o
 .debug_abbrev  0x00004188       0x1d build/startup_stm32wb55xx_cm4.o

.debug_loc      0x00000000    0x12c97
 .debug_loc     0x00000000      0x2f8 build/main.o
 .debug_loc     0x000002f8      0x1d0 build/stm32wbxx_it.o
 .debug_loc     0x000004c8      0x1e2 build/stm32wbxx_hal_msp.o
 .debug_loc     0x000006aa      0x320 build/stm32wbxx_nucleo.o
 .debug_loc     0x000009ca     0x14f8 build/stm32wbxx_hal_rcc.o
 .debug_loc     0x00001ec2     0x20a2 build/stm32wbxx_hal_rcc_ex.o
 .debug_loc     0x00003f64      0x330 build/stm32wbxx_hal_gpio.o
 .debug_loc     0x00004294      0x718 build/stm32wbxx_hal_pwr.o
 .debug_loc     0x000049ac     0x1818 build/stm32wbxx_hal_pwr_ex.o
 .debug_loc     0x000061c4      0xa00 build/stm32wbxx_hal_cortex.o
 .debug_loc     0x00006bc4     0x1534 build/stm32wbxx_hal.o
 .debug_loc     0x000080f8     0x1846 build/stm32wbxx_hal_uart.o
 .debug_loc     0x0000993e      0x60c build/stm32wbxx_hal_uart_ex.o
 .debug_loc     0x00009f4a       0xa0 build/system_stm32wbxx.o
 .debug_loc     0x00009fea       0x50 build/sysmem.o
 .debug_loc     0x0000a03a      0x5b8 build/syscalls.o
 .debug_loc     0x0000a5f2      0x136 build/stm32wbxx_hal_timebase_tim.o
 .debug_loc     0x0000a728     0x2858 build/stm32wbxx_hal_tim.o
 .debug_loc     0x0000cf80      0xf88 build/stm32wbxx_hal_tim_ex.o
 .debug_loc     0x0000df08      0x1cc build/list.o
 .debug_loc     0x0000e0d4      0xe22 build/queue.o
 .debug_loc     0x0000eef6     0x140b build/tasks.o
 .debug_loc     0x00010301      0x99c build/timers.o
 .debug_loc     0x00010c9d     0x1a2a build/cmsis_os2.o
 .debug_loc     0x000126c7      0x2c4 build/heap_4.o
 .debug_loc     0x0001298b      0x30c build/port.o

.debug_aranges  0x00000000     0x2108
 .debug_aranges
                0x00000000       0x78 build/main.o
 .debug_aranges
                0x00000078       0x68 build/stm32wbxx_it.o
 .debug_aranges
                0x000000e0       0x48 build/stm32wbxx_hal_msp.o
 .debug_aranges
                0x00000128       0x68 build/stm32wbxx_nucleo.o
 .debug_aranges
                0x00000190      0x270 build/stm32wbxx_hal_rcc.o
 .debug_aranges
                0x00000400      0x390 build/stm32wbxx_hal_rcc_ex.o
 .debug_aranges
                0x00000790       0x60 build/stm32wbxx_hal_gpio.o
 .debug_aranges
                0x000007f0       0xd0 build/stm32wbxx_hal_pwr.o
 .debug_aranges
                0x000008c0      0x288 build/stm32wbxx_hal_pwr_ex.o
 .debug_aranges
                0x00000b48      0x118 build/stm32wbxx_hal_cortex.o
 .debug_aranges
                0x00000c60      0x280 build/stm32wbxx_hal.o
 .debug_aranges
                0x00000ee0      0x258 build/stm32wbxx_hal_uart.o
 .debug_aranges
                0x00001138       0xa8 build/stm32wbxx_hal_uart_ex.o
 .debug_aranges
                0x000011e0       0x28 build/system_stm32wbxx.o
 .debug_aranges
                0x00001208       0x20 build/sysmem.o
 .debug_aranges
                0x00001228       0xa8 build/syscalls.o
 .debug_aranges
                0x000012d0       0x38 build/stm32wbxx_hal_timebase_tim.o
 .debug_aranges
                0x00001308      0x3e0 build/stm32wbxx_hal_tim.o
 .debug_aranges
                0x000016e8      0x190 build/stm32wbxx_hal_tim_ex.o
 .debug_aranges
                0x00001878       0x40 build/list.o
 .debug_aranges
                0x000018b8      0x170 build/queue.o
 .debug_aranges
                0x00001a28      0x210 build/tasks.o
 .debug_aranges
                0x00001c38      0x108 build/timers.o
 .debug_aranges
                0x00001d40      0x2b8 build/cmsis_os2.o
 .debug_aranges
                0x00001ff8       0x60 build/heap_4.o
 .debug_aranges
                0x00002058       0x80 build/port.o
 .debug_aranges
                0x000020d8       0x30 build/startup_stm32wb55xx_cm4.o

.debug_ranges   0x00000000     0x1f90
 .debug_ranges  0x00000000       0x68 build/main.o
 .debug_ranges  0x00000068       0x58 build/stm32wbxx_it.o
 .debug_ranges  0x000000c0       0x38 build/stm32wbxx_hal_msp.o
 .debug_ranges  0x000000f8       0x58 build/stm32wbxx_nucleo.o
 .debug_ranges  0x00000150      0x260 build/stm32wbxx_hal_rcc.o
 .debug_ranges  0x000003b0      0x380 build/stm32wbxx_hal_rcc_ex.o
 .debug_ranges  0x00000730       0x50 build/stm32wbxx_hal_gpio.o
 .debug_ranges  0x00000780       0xc0 build/stm32wbxx_hal_pwr.o
 .debug_ranges  0x00000840      0x278 build/stm32wbxx_hal_pwr_ex.o
 .debug_ranges  0x00000ab8      0x108 build/stm32wbxx_hal_cortex.o